Archive member included to satisfy reference by file (symbol)

c:/st/stm32cubeide_1.6.1/stm32cubeide/plugins/com.st.stm32cube.ide.mcu.externaltools.gnu-tools-for-stm32.9-2020-q2-update.win32_1.5.0.202011040924/tools/bin/../lib/gcc/arm-none-eabi/9.3.1/../../../../arm-none-eabi/lib/thumb/v7e-m+fp/hard\libc_nano.a(lib_a-assert.o)
                              audio_clips/libfoxenflac/foxen/flac.o (__assert_func)
c:/st/stm32cubeide_1.6.1/stm32cubeide/plugins/com.st.stm32cube.ide.mcu.externaltools.gnu-tools-for-stm32.9-2020-q2-update.win32_1.5.0.202011040924/tools/bin/../lib/gcc/arm-none-eabi/9.3.1/../../../../arm-none-eabi/lib/thumb/v7e-m+fp/hard\libc_nano.a(lib_a-errno.o)
                              Core/Src/syscalls.o (__errno)
c:/st/stm32cubeide_1.6.1/stm32cubeide/plugins/com.st.stm32cube.ide.mcu.externaltools.gnu-tools-for-stm32.9-2020-q2-update.win32_1.5.0.202011040924/tools/bin/../lib/gcc/arm-none-eabi/9.3.1/../../../../arm-none-eabi/lib/thumb/v7e-m+fp/hard\libc_nano.a(lib_a-exit.o)
                              c:/st/stm32cubeide_1.6.1/stm32cubeide/plugins/com.st.stm32cube.ide.mcu.externaltools.gnu-tools-for-stm32.9-2020-q2-update.win32_1.5.0.202011040924/tools/bin/../lib/gcc/arm-none-eabi/9.3.1/../../../../arm-none-eabi/lib/thumb/v7e-m+fp/hard/crt0.o (exit)
c:/st/stm32cubeide_1.6.1/stm32cubeide/plugins/com.st.stm32cube.ide.mcu.externaltools.gnu-tools-for-stm32.9-2020-q2-update.win32_1.5.0.202011040924/tools/bin/../lib/gcc/arm-none-eabi/9.3.1/../../../../arm-none-eabi/lib/thumb/v7e-m+fp/hard\libc_nano.a(lib_a-fprintf.o)
                              c:/st/stm32cubeide_1.6.1/stm32cubeide/plugins/com.st.stm32cube.ide.mcu.externaltools.gnu-tools-for-stm32.9-2020-q2-update.win32_1.5.0.202011040924/tools/bin/../lib/gcc/arm-none-eabi/9.3.1/../../../../arm-none-eabi/lib/thumb/v7e-m+fp/hard\libc_nano.a(lib_a-assert.o) (fiprintf)
c:/st/stm32cubeide_1.6.1/stm32cubeide/plugins/com.st.stm32cube.ide.mcu.externaltools.gnu-tools-for-stm32.9-2020-q2-update.win32_1.5.0.202011040924/tools/bin/../lib/gcc/arm-none-eabi/9.3.1/../../../../arm-none-eabi/lib/thumb/v7e-m+fp/hard\libc_nano.a(lib_a-impure.o)
                              c:/st/stm32cubeide_1.6.1/stm32cubeide/plugins/com.st.stm32cube.ide.mcu.externaltools.gnu-tools-for-stm32.9-2020-q2-update.win32_1.5.0.202011040924/tools/bin/../lib/gcc/arm-none-eabi/9.3.1/../../../../arm-none-eabi/lib/thumb/v7e-m+fp/hard\libc_nano.a(lib_a-exit.o) (_global_impure_ptr)
c:/st/stm32cubeide_1.6.1/stm32cubeide/plugins/com.st.stm32cube.ide.mcu.externaltools.gnu-tools-for-stm32.9-2020-q2-update.win32_1.5.0.202011040924/tools/bin/../lib/gcc/arm-none-eabi/9.3.1/../../../../arm-none-eabi/lib/thumb/v7e-m+fp/hard\libc_nano.a(lib_a-init.o)
                              c:/st/stm32cubeide_1.6.1/stm32cubeide/plugins/com.st.stm32cube.ide.mcu.externaltools.gnu-tools-for-stm32.9-2020-q2-update.win32_1.5.0.202011040924/tools/bin/../lib/gcc/arm-none-eabi/9.3.1/../../../../arm-none-eabi/lib/thumb/v7e-m+fp/hard/crt0.o (__libc_init_array)
c:/st/stm32cubeide_1.6.1/stm32cubeide/plugins/com.st.stm32cube.ide.mcu.externaltools.gnu-tools-for-stm32.9-2020-q2-update.win32_1.5.0.202011040924/tools/bin/../lib/gcc/arm-none-eabi/9.3.1/../../../../arm-none-eabi/lib/thumb/v7e-m+fp/hard\libc_nano.a(lib_a-memcpy-stub.o)
                              Middlewares/Third_Party/FreeRTOS/Source/CMSIS_RTOS_V2/cmsis_os2.o (memcpy)
c:/st/stm32cubeide_1.6.1/stm32cubeide/plugins/com.st.stm32cube.ide.mcu.externaltools.gnu-tools-for-stm32.9-2020-q2-update.win32_1.5.0.202011040924/tools/bin/../lib/gcc/arm-none-eabi/9.3.1/../../../../arm-none-eabi/lib/thumb/v7e-m+fp/hard\libc_nano.a(lib_a-memset.o)
                              c:/st/stm32cubeide_1.6.1/stm32cubeide/plugins/com.st.stm32cube.ide.mcu.externaltools.gnu-tools-for-stm32.9-2020-q2-update.win32_1.5.0.202011040924/tools/bin/../lib/gcc/arm-none-eabi/9.3.1/../../../../arm-none-eabi/lib/thumb/v7e-m+fp/hard/crt0.o (memset)
c:/st/stm32cubeide_1.6.1/stm32cubeide/plugins/com.st.stm32cube.ide.mcu.externaltools.gnu-tools-for-stm32.9-2020-q2-update.win32_1.5.0.202011040924/tools/bin/../lib/gcc/arm-none-eabi/9.3.1/../../../../arm-none-eabi/lib/thumb/v7e-m+fp/hard\libc_nano.a(lib_a-nano-vfprintf.o)
                              c:/st/stm32cubeide_1.6.1/stm32cubeide/plugins/com.st.stm32cube.ide.mcu.externaltools.gnu-tools-for-stm32.9-2020-q2-update.win32_1.5.0.202011040924/tools/bin/../lib/gcc/arm-none-eabi/9.3.1/../../../../arm-none-eabi/lib/thumb/v7e-m+fp/hard\libc_nano.a(lib_a-fprintf.o) (_vfprintf_r)
c:/st/stm32cubeide_1.6.1/stm32cubeide/plugins/com.st.stm32cube.ide.mcu.externaltools.gnu-tools-for-stm32.9-2020-q2-update.win32_1.5.0.202011040924/tools/bin/../lib/gcc/arm-none-eabi/9.3.1/../../../../arm-none-eabi/lib/thumb/v7e-m+fp/hard\libc_nano.a(lib_a-nano-vfprintf_i.o)
[...]
Memory Configuration

Name             Origin             Length             Attributes
RAM              0x0000000020000000 0x0000000000020000 xrw
FLASH1           0x0000000008000000 0x0000000000004000 xr
FLASH2           0x0000000008010000 0x0000000000070000 xr
*default*        0x0000000000000000 0xffffffffffffffff

Linker script and memory map

LOAD c:/st/stm32cubeide_1.6.1/stm32cubeide/plugins/com.st.stm32cube.ide.mcu.externaltools.gnu-tools-for-stm32.9-2020-q2-update.win32_1.5.0.202011040924/tools/bin/../lib/gcc/arm-none-eabi/9.3.1/thumb/v7e-m+fp/hard/crti.o
LOAD c:/st/stm32cubeide_1.6.1/stm32cubeide/plugins/com.st.stm32cube.ide.mcu.externaltools.gnu-tools-for-stm32.9-2020-q2-update.win32_1.5.0.202011040924/tools/bin/../lib/gcc/arm-none-eabi/9.3.1/thumb/v7e-m+fp/hard/crtbegin.o
LOAD c:/st/stm32cubeide_1.6.1/stm32cubeide/plugins/com.st.stm32cube.ide.mcu.externaltools.gnu-tools-for-stm32.9-2020-q2-update.win32_1.5.0.202011040924/tools/bin/../lib/gcc/arm-none-eabi/9.3.1/../../../../arm-none-eabi/lib/thumb/v7e-m+fp/hard/crt0.o
LOAD Core/Src/dma.o
LOAD Core/Src/freertos.o
LOAD Core/Src/gpio.o
LOAD Core/Src/i2s.o
LOAD Core/Src/loop.o
LOAD Core/Src/main.o
LOAD Core/Src/stm32f4xx_hal_msp.o
LOAD Core/Src/stm32f4xx_hal_timebase_tim.o
LOAD Core/Src/stm32f4xx_it.o
LOAD Core/Src/syscalls.o
LOAD Core/Src/sysmem.o
LOAD Core/Src/system_stm32f4xx.o
LOAD Core/Startup/startup_stm32f411ceyx.o
LOAD Drivers/STM32F4xx_HAL_Driver/Src/stm32f4xx_hal.o
LOAD Drivers/STM32F4xx_HAL_Driver/Src/stm32f4xx_hal_cortex.o
LOAD Drivers/STM32F4xx_HAL_Driver/Src/stm32f4xx_hal_dma.o
LOAD Drivers/STM32F4xx_HAL_Driver/Src/stm32f4xx_hal_dma_ex.o
LOAD Drivers/STM32F4xx_HAL_Driver/Src/stm32f4xx_hal_exti.o
LOAD Drivers/STM32F4xx_HAL_Driver/Src/stm32f4xx_hal_flash.o
LOAD Drivers/STM32F4xx_HAL_Driver/Src/stm32f4xx_hal_flash_ex.o
LOAD Drivers/STM32F4xx_HAL_Driver/Src/stm32f4xx_hal_flash_ramfunc.o
LOAD Drivers/STM32F4xx_HAL_Driver/Src/stm32f4xx_hal_gpio.o
LOAD Drivers/STM32F4xx_HAL_Driver/Src/stm32f4xx_hal_i2s.o
LOAD Drivers/STM32F4xx_HAL_Driver/Src/stm32f4xx_hal_i2s_ex.o
LOAD Drivers/STM32F4xx_HAL_Driver/Src/stm32f4xx_hal_pwr.o
LOAD Drivers/STM32F4xx_HAL_Driver/Src/stm32f4xx_hal_pwr_ex.o
LOAD Drivers/STM32F4xx_HAL_Driver/Src/stm32f4xx_hal_rcc.o
LOAD Drivers/STM32F4xx_HAL_Driver/Src/stm32f4xx_hal_rcc_ex.o
LOAD Drivers/STM32F4xx_HAL_Driver/Src/stm32f4xx_hal_tim.o
LOAD Drivers/STM32F4xx_HAL_Driver/Src/stm32f4xx_hal_tim_ex.o
LOAD Middlewares/Third_Party/FreeRTOS/Source/CMSIS_RTOS_V2/cmsis_os2.o
LOAD Middlewares/Third_Party/FreeRTOS/Source/croutine.o
LOAD Middlewares/Third_Party/FreeRTOS/Source/event_groups.o
LOAD Middlewares/Third_Party/FreeRTOS/Source/list.o
LOAD Middlewares/Third_Party/FreeRTOS/Source/queue.o
LOAD Middlewares/Third_Party/FreeRTOS/Source/stream_buffer.o
LOAD Middlewares/Third_Party/FreeRTOS/Source/tasks.o
LOAD Middlewares/Third_Party/FreeRTOS/Source/timers.o
LOAD Middlewares/Third_Party/FreeRTOS/Source/portable/GCC/ARM_CM4F/port.o
LOAD Middlewares/Third_Party/FreeRTOS/Source/portable/MemMang/heap_4.o
LOAD RTOS/rtos.o
LOAD audio_clips/audio_clip.o
LOAD audio_clips/buffers/buffers.o
LOAD audio_clips/clip_handler/clip_handler.o
LOAD audio_clips/dac_handler/dac_handler.o
LOAD audio_clips/dac_handler/ring16/ring16.o
LOAD audio_clips/decoder/decoder.o
LOAD audio_clips/i2s/i2s_peri.o
LOAD audio_clips/libfoxenflac/foxen/flac.o
LOAD audio_clips/libfoxenflac/foxen/mem.o
LOAD audio_clips/wrappers/wrp_i2s.o
LOAD audio_clips/wrappers/wrp_mem.o
START GROUP
LOAD c:/st/stm32cubeide_1.6.1/stm32cubeide/plugins/com.st.stm32cube.ide.mcu.externaltools.gnu-tools-for-stm32.9-2020-q2-update.win32_1.5.0.202011040924/tools/bin/../lib/gcc/arm-none-eabi/9.3.1/../../../../arm-none-eabi/lib/thumb/v7e-m+fp/hard\libc_nano.a
LOAD c:/st/stm32cubeide_1.6.1/stm32cubeide/plugins/com.st.stm32cube.ide.mcu.externaltools.gnu-tools-for-stm32.9-2020-q2-update.win32_1.5.0.202011040924/tools/bin/../lib/gcc/arm-none-eabi/9.3.1/../../../../arm-none-eabi/lib/thumb/v7e-m+fp/hard\libm.a
END GROUP
START GROUP
LOAD c:/st/stm32cubeide_1.6.1/stm32cubeide/plugins/com.st.stm32cube.ide.mcu.externaltools.gnu-tools-for-stm32.9-2020-q2-update.win32_1.5.0.202011040924/tools/bin/../lib/gcc/arm-none-eabi/9.3.1/thumb/v7e-m+fp/hard\libgcc.a
LOAD c:/st/stm32cubeide_1.6.1/stm32cubeide/plugins/com.st.stm32cube.ide.mcu.externaltools.gnu-tools-for-stm32.9-2020-q2-update.win32_1.5.0.202011040924/tools/bin/../lib/gcc/arm-none-eabi/9.3.1/../../../../arm-none-eabi/lib/thumb/v7e-m+fp/hard\libc_nano.a
END GROUP
START GROUP
LOAD c:/st/stm32cubeide_1.6.1/stm32cubeide/plugins/com.st.stm32cube.ide.mcu.externaltools.gnu-tools-for-stm32.9-2020-q2-update.win32_1.5.0.202011040924/tools/bin/../lib/gcc/arm-none-eabi/9.3.1/thumb/v7e-m+fp/hard\libgcc.a
LOAD c:/st/stm32cubeide_1.6.1/stm32cubeide/plugins/com.st.stm32cube.ide.mcu.externaltools.gnu-tools-for-stm32.9-2020-q2-update.win32_1.5.0.202011040924/tools/bin/../lib/gcc/arm-none-eabi/9.3.1/../../../../arm-none-eabi/lib/thumb/v7e-m+fp/hard\libc_nano.a
LOAD c:/st/stm32cubeide_1.6.1/stm32cubeide/plugins/com.st.stm32cube.ide.mcu.externaltools.gnu-tools-for-stm32.9-2020-q2-update.win32_1.5.0.202011040924/tools/bin/../lib/gcc/arm-none-eabi/9.3.1/../../../../arm-none-eabi/lib/thumb/v7e-m+fp/hard\libnosys.a
END GROUP
START GROUP
LOAD c:/st/stm32cubeide_1.6.1/stm32cubeide/plugins/com.st.stm32cube.ide.mcu.externaltools.gnu-tools-for-stm32.9-2020-q2-update.win32_1.5.0.202011040924/tools/bin/../lib/gcc/arm-none-eabi/9.3.1/thumb/v7e-m+fp/hard\libgcc.a
LOAD c:/st/stm32cubeide_1.6.1/stm32cubeide/plugins/com.st.stm32cube.ide.mcu.externaltools.gnu-tools-for-stm32.9-2020-q2-update.win32_1.5.0.202011040924/tools/bin/../lib/gcc/arm-none-eabi/9.3.1/../../../../arm-none-eabi/lib/thumb/v7e-m+fp/hard\libc_nano.a
LOAD c:/st/stm32cubeide_1.6.1/stm32cubeide/plugins/com.st.stm32cube.ide.mcu.externaltools.gnu-tools-for-stm32.9-2020-q2-update.win32_1.5.0.202011040924/tools/bin/../lib/gcc/arm-none-eabi/9.3.1/../../../../arm-none-eabi/lib/thumb/v7e-m+fp/hard\libnosys.a
END GROUP
LOAD c:/st/stm32cubeide_1.6.1/stm32cubeide/plugins/com.st.stm32cube.ide.mcu.externaltools.gnu-tools-for-stm32.9-2020-q2-update.win32_1.5.0.202011040924/tools/bin/../lib/gcc/arm-none-eabi/9.3.1/thumb/v7e-m+fp/hard/crtend.o
LOAD c:/st/stm32cubeide_1.6.1/stm32cubeide/plugins/com.st.stm32cube.ide.mcu.externaltools.gnu-tools-for-stm32.9-2020-q2-update.win32_1.5.0.202011040924/tools/bin/../lib/gcc/arm-none-eabi/9.3.1/thumb/v7e-m+fp/hard/crtn.o
                0x0000000020020000                _estack = (ORIGIN (RAM) + LENGTH (RAM))
                0x0000000000000200                _Min_Heap_Size = 0x200
                0x0000000000000400                _Min_Stack_Size = 0x400

.isr_vector     0x0000000008000000      0x198
                0x0000000008000000                . = ALIGN (0x4)
 *(.isr_vector)
 .isr_vector    0x0000000008000000      0x198 Core/Startup/startup_stm32f411ceyx.o
                0x0000000008000000                g_pfnVectors
                0x0000000008000198                . = ALIGN (0x4)

.text           0x0000000008010000     0xb078
                0x0000000008010000                . = ALIGN (0x4)
 *(.text)
 .text          0x0000000008010000       0x40 c:/st/stm32cubeide_1.6.1/stm32cubeide/plugins/com.st.stm32cube.ide.mcu.externaltools.gnu-tools-for-stm32.9-2020-q2-update.win32_1.5.0.202011040924/tools/bin/../lib/gcc/arm-none-eabi/9.3.1/thumb/v7e-m+fp/hard/crtbegin.o
 .text          0x0000000008010040       0xa0 c:/st/stm32cubeide_1.6.1/stm32cubeide/plugins/com.st.stm32cube.ide.mcu.externaltools.gnu-tools-for-stm32.9-2020-q2-update.win32_1.5.0.202011040924/tools/bin/../lib/gcc/arm-none-eabi/9.3.1/../../../../arm-none-eabi/lib/thumb/v7e-m+fp/hard\libc_nano.a(lib_a-memchr.o)
                0x0000000008010040                memchr
 .text          0x00000000080100e0       0x30 c:/st/stm32cubeide_1.6.1/stm32cubeide/plugins/com.st.stm32cube.ide.mcu.externaltools.gnu-tools-for-stm32.9-2020-q2-update.win32_1.5.0.202011040924/tools/bin/../lib/gcc/arm-none-eabi/9.3.1/thumb/v7e-m+fp/hard\libgcc.a(_aeabi_uldivmod.o)
                0x00000000080100e0                __aeabi_uldivmod
 .text          0x0000000008010110      0x2c4 c:/st/stm32cubeide_1.6.1/stm32cubeide/plugins/com.st.stm32cube.ide.mcu.externaltools.gnu-tools-for-stm32.9-2020-q2-update.win32_1.5.0.202011040924/tools/bin/../lib/gcc/arm-none-eabi/9.3.1/thumb/v7e-m+fp/hard\libgcc.a(_udivmoddi4.o)
                0x0000000008010110                __udivmoddi4
 .text          0x00000000080103d4        0x4 c:/st/stm32cubeide_1.6.1/stm32cubeide/plugins/com.st.stm32cube.ide.mcu.externaltools.gnu-tools-for-stm32.9-2020-q2-update.win32_1.5.0.202011040924/tools/bin/../lib/gcc/arm-none-eabi/9.3.1/thumb/v7e-m+fp/hard\libgcc.a(_dvmd_tls.o)
                0x00000000080103d4                __aeabi_idiv0
                0x00000000080103d4                __aeabi_ldiv0
 *(.text*)
 .text.MX_DMA_Init
                0x00000000080103d8       0x40 Core/Src/dma.o
                0x00000000080103d8                MX_DMA_Init
 .text.vApplicationIdleHook
                0x0000000008010418        0xe Core/Src/freertos.o
                0x0000000008010418                vApplicationIdleHook
 .text.vApplicationStackOverflowHook
                0x0000000008010426        0xc Core/Src/freertos.o
                0x0000000008010426                vApplicationStackOverflowHook
 .text.vApplicationMallocFailedHook
                0x0000000008010432        0x6 Core/Src/freertos.o
                0x0000000008010432                vApplicationMallocFailedHook
 .text.MX_FREERTOS_Init
                0x0000000008010438       0x60 Core/Src/freertos.o
                0x0000000008010438                MX_FREERTOS_Init
 .text.StartDefaultTask
                0x0000000008010498       0x10 Core/Src/freertos.o
                0x0000000008010498                StartDefaultTask
 .text.MX_GPIO_Init
                0x00000000080104a8       0x50 Core/Src/gpio.o
                0x00000000080104a8                MX_GPIO_Init
 .text.MX_I2S3_Init
                0x00000000080104f8       0x5c Core/Src/i2s.o
                0x00000000080104f8                MX_I2S3_Init
 .text.HAL_I2S_MspInit
                0x0000000008010554      0x13c Core/Src/i2s.o
                0x0000000008010554                HAL_I2S_MspInit
 .text.HAL_I2S_MspDeInit
                0x0000000008010690       0x54 Core/Src/i2s.o
                0x0000000008010690                HAL_I2S_MspDeInit
 .text.audioClipLoop
                0x00000000080106e4       0x3c Core/Src/loop.o
                0x00000000080106e4                audioClipLoop
 .text.main     0x0000000008010720       0x26 Core/Src/main.o
                0x0000000008010720                main
 *fill*         0x0000000008010746        0x2 
 .text.SystemClock_Config
                0x0000000008010748      0x108 Core/Src/main.o
                0x0000000008010748                SystemClock_Config
 .text.HAL_TIM_PeriodElapsedCallback
                0x0000000008010850       0x24 Core/Src/main.o
                0x0000000008010850                HAL_TIM_PeriodElapsedCallback
 .text.Error_Handler
                0x0000000008010874        0xe Core/Src/main.o
                0x0000000008010874                Error_Handler
 *fill*         0x0000000008010882        0x2 
 .text.HAL_MspInit
                0x0000000008010884       0x58 Core/Src/stm32f4xx_hal_msp.o
                0x0000000008010884                HAL_MspInit
 .text.HAL_InitTick
                0x00000000080108dc       0xb4 Core/Src/stm32f4xx_hal_timebase_tim.o
                0x00000000080108dc                HAL_InitTick
 .text.NMI_Handler
                0x0000000008010990        0xe Core/Src/stm32f4xx_it.o
                0x0000000008010990                NMI_Handler
 .text.HardFault_Handler
                0x000000000801099e        0x6 Core/Src/stm32f4xx_it.o
                0x000000000801099e                HardFault_Handler
 .text.MemManage_Handler
                0x00000000080109a4        0x6 Core/Src/stm32f4xx_it.o
                0x00000000080109a4                MemManage_Handler
 .text.BusFault_Handler
                0x00000000080109aa        0x6 Core/Src/stm32f4xx_it.o
                0x00000000080109aa                BusFault_Handler
 .text.UsageFault_Handler
                0x00000000080109b0        0x6 Core/Src/stm32f4xx_it.o
                0x00000000080109b0                UsageFault_Handler
 .text.DebugMon_Handler
                0x00000000080109b6        0xe Core/Src/stm32f4xx_it.o
                0x00000000080109b6                DebugMon_Handler
 .text.DMA1_Stream5_IRQHandler
                0x00000000080109c4       0x14 Core/Src/stm32f4xx_it.o
                0x00000000080109c4                DMA1_Stream5_IRQHandler
 .text.TIM1_UP_TIM10_IRQHandler
                0x00000000080109d8       0x14 Core/Src/stm32f4xx_it.o
                0x00000000080109d8                TIM1_UP_TIM10_IRQHandler
 .text._getpid  0x00000000080109ec       0x10 Core/Src/syscalls.o
                0x00000000080109ec                _getpid
 .text._kill    0x00000000080109fc       0x20 Core/Src/syscalls.o
                0x00000000080109fc                _kill
 .text._exit    0x0000000008010a1c       0x14 Core/Src/syscalls.o
                0x0000000008010a1c                _exit
 .text._read    0x0000000008010a30       0x3a Core/Src/syscalls.o
                0x0000000008010a30                _read
 .text._write   0x0000000008010a6a       0x38 Core/Src/syscalls.o
                0x0000000008010a6a                _write
 .text._close   0x0000000008010aa2       0x18 Core/Src/syscalls.o
                0x0000000008010aa2                _close
 .text._fstat   0x0000000008010aba       0x20 Core/Src/syscalls.o
                0x0000000008010aba                _fstat
 .text._isatty  0x0000000008010ada       0x16 Core/Src/syscalls.o
                0x0000000008010ada                _isatty
 .text._lseek   0x0000000008010af0       0x1a Core/Src/syscalls.o
                0x0000000008010af0                _lseek
 *fill*         0x0000000008010b0a        0x2 
 .text._sbrk    0x0000000008010b0c       0x58 Core/Src/sysmem.o
                0x0000000008010b0c                _sbrk
 .text.SystemInit
                0x0000000008010b64       0x2c Core/Src/system_stm32f4xx.o
                0x0000000008010b64                SystemInit
 .text.Reset_Handler
                0x0000000008010b90       0x50 Core/Startup/startup_stm32f411ceyx.o
                0x0000000008010b90                Reset_Handler
 .text.Default_Handler
                0x0000000008010be0        0x2 Core/Startup/startup_stm32f411ceyx.o
                0x0000000008010be0                RTC_Alarm_IRQHandler
                0x0000000008010be0                EXTI2_IRQHandler
                0x0000000008010be0                SPI4_IRQHandler
                0x0000000008010be0                TIM1_CC_IRQHandler
                0x0000000008010be0                DMA2_Stream5_IRQHandler
                0x0000000008010be0                PVD_IRQHandler
                0x0000000008010be0                SDIO_IRQHandler
                0x0000000008010be0                TAMP_STAMP_IRQHandler
                0x0000000008010be0                EXTI3_IRQHandler
                0x0000000008010be0                I2C3_ER_IRQHandler
                0x0000000008010be0                EXTI0_IRQHandler
                0x0000000008010be0                I2C2_EV_IRQHandler
                0x0000000008010be0                DMA1_Stream2_IRQHandler
                0x0000000008010be0                FPU_IRQHandler
                0x0000000008010be0                DMA2_Stream2_IRQHandler
                0x0000000008010be0                SPI1_IRQHandler
                0x0000000008010be0                TIM1_BRK_TIM9_IRQHandler
                0x0000000008010be0                DMA2_Stream3_IRQHandler
                0x0000000008010be0                USART6_IRQHandler
                0x0000000008010be0                DMA2_Stream0_IRQHandler
                0x0000000008010be0                TIM4_IRQHandler
                0x0000000008010be0                I2C1_EV_IRQHandler
                0x0000000008010be0                DMA1_Stream6_IRQHandler
                0x0000000008010be0                DMA1_Stream1_IRQHandler
                0x0000000008010be0                TIM3_IRQHandler
                0x0000000008010be0                RCC_IRQHandler
                0x0000000008010be0                Default_Handler
                0x0000000008010be0                EXTI15_10_IRQHandler
                0x0000000008010be0                ADC_IRQHandler
                0x0000000008010be0                DMA1_Stream7_IRQHandler
                0x0000000008010be0                SPI5_IRQHandler
                0x0000000008010be0                TIM5_IRQHandler
                0x0000000008010be0                DMA2_Stream7_IRQHandler
                0x0000000008010be0                I2C3_EV_IRQHandler
                0x0000000008010be0                EXTI9_5_IRQHandler
                0x0000000008010be0                RTC_WKUP_IRQHandler
                0x0000000008010be0                SPI2_IRQHandler
                0x0000000008010be0                DMA1_Stream0_IRQHandler
                0x0000000008010be0                EXTI4_IRQHandler
                0x0000000008010be0                WWDG_IRQHandler
                0x0000000008010be0                TIM2_IRQHandler
                0x0000000008010be0                OTG_FS_WKUP_IRQHandler
                0x0000000008010be0                TIM1_TRG_COM_TIM11_IRQHandler
                0x0000000008010be0                EXTI1_IRQHandler
                0x0000000008010be0                USART2_IRQHandler
                0x0000000008010be0                I2C2_ER_IRQHandler
                0x0000000008010be0                DMA2_Stream1_IRQHandler
                0x0000000008010be0                FLASH_IRQHandler
                0x0000000008010be0                DMA2_Stream4_IRQHandler
                0x0000000008010be0                USART1_IRQHandler
                0x0000000008010be0                OTG_FS_IRQHandler
                0x0000000008010be0                SPI3_IRQHandler
                0x0000000008010be0                DMA1_Stream4_IRQHandler
                0x0000000008010be0                I2C1_ER_IRQHandler
                0x0000000008010be0                DMA2_Stream6_IRQHandler
                0x0000000008010be0                DMA1_Stream3_IRQHandler
 *fill*         0x0000000008010be2        0x2 
 .text.HAL_Init
                0x0000000008010be4       0x38 Drivers/STM32F4xx_HAL_Driver/Src/stm32f4xx_hal.o
                0x0000000008010be4                HAL_Init
 .text.HAL_IncTick
                0x0000000008010c1c       0x28 Drivers/STM32F4xx_HAL_Driver/Src/stm32f4xx_hal.o
                0x0000000008010c1c                HAL_IncTick
 .text.HAL_GetTick
                0x0000000008010c44       0x18 Drivers/STM32F4xx_HAL_Driver/Src/stm32f4xx_hal.o
                0x0000000008010c44                HAL_GetTick
 .text.__NVIC_SetPriorityGrouping
                0x0000000008010c5c       0x48 Drivers/STM32F4xx_HAL_Driver/Src/stm32f4xx_hal_cortex.o
 .text.__NVIC_GetPriorityGrouping
                0x0000000008010ca4       0x1c Drivers/STM32F4xx_HAL_Driver/Src/stm32f4xx_hal_cortex.o
 .text.__NVIC_EnableIRQ
                0x0000000008010cc0       0x3c Drivers/STM32F4xx_HAL_Driver/Src/stm32f4xx_hal_cortex.o
 .text.__NVIC_SetPriority
                0x0000000008010cfc       0x54 Drivers/STM32F4xx_HAL_Driver/Src/stm32f4xx_hal_cortex.o
 .text.NVIC_EncodePriority
                0x0000000008010d50       0x66 Drivers/STM32F4xx_HAL_Driver/Src/stm32f4xx_hal_cortex.o
 .text.HAL_NVIC_SetPriorityGrouping
                0x0000000008010db6       0x16 Drivers/STM32F4xx_HAL_Driver/Src/stm32f4xx_hal_cortex.o
                0x0000000008010db6                HAL_NVIC_SetPriorityGrouping
 .text.HAL_NVIC_SetPriority
                0x0000000008010dcc       0x38 Drivers/STM32F4xx_HAL_Driver/Src/stm32f4xx_hal_cortex.o
                0x0000000008010dcc                HAL_NVIC_SetPriority
 .text.HAL_NVIC_EnableIRQ
                0x0000000008010e04       0x1c Drivers/STM32F4xx_HAL_Driver/Src/stm32f4xx_hal_cortex.o
                0x0000000008010e04                HAL_NVIC_EnableIRQ
 .text.HAL_DMA_Init
                0x0000000008010e20      0x15c Drivers/STM32F4xx_HAL_Driver/Src/stm32f4xx_hal_dma.o
                0x0000000008010e20                HAL_DMA_Init
 .text.HAL_DMA_DeInit
                0x0000000008010f7c       0xbc Drivers/STM32F4xx_HAL_Driver/Src/stm32f4xx_hal_dma.o
                0x0000000008010f7c                HAL_DMA_DeInit
 .text.HAL_DMA_Start_IT
                0x0000000008011038       0xb0 Drivers/STM32F4xx_HAL_Driver/Src/stm32f4xx_hal_dma.o
                0x0000000008011038                HAL_DMA_Start_IT
 .text.HAL_DMA_Abort
                0x00000000080110e8       0xe0 Drivers/STM32F4xx_HAL_Driver/Src/stm32f4xx_hal_dma.o
                0x00000000080110e8                HAL_DMA_Abort
 .text.HAL_DMA_IRQHandler
                0x00000000080111c8      0x314 Drivers/STM32F4xx_HAL_Driver/Src/stm32f4xx_hal_dma.o
                0x00000000080111c8                HAL_DMA_IRQHandler
 .text.DMA_SetConfig
                0x00000000080114dc       0x5c Drivers/STM32F4xx_HAL_Driver/Src/stm32f4xx_hal_dma.o
 .text.DMA_CalcBaseAndBitshift
                0x0000000008011538       0x6c Drivers/STM32F4xx_HAL_Driver/Src/stm32f4xx_hal_dma.o
 .text.DMA_CheckFifoParam
                0x00000000080115a4       0xf8 Drivers/STM32F4xx_HAL_Driver/Src/stm32f4xx_hal_dma.o
 .text.HAL_GPIO_Init
                0x000000000801169c      0x308 Drivers/STM32F4xx_HAL_Driver/Src/stm32f4xx_hal_gpio.o
                0x000000000801169c                HAL_GPIO_Init
 .text.HAL_GPIO_DeInit
                0x00000000080119a4      0x1c8 Drivers/STM32F4xx_HAL_Driver/Src/stm32f4xx_hal_gpio.o
                0x00000000080119a4                HAL_GPIO_DeInit
 .text.HAL_I2S_Init
                0x0000000008011b6c      0x280 Drivers/STM32F4xx_HAL_Driver/Src/stm32f4xx_hal_i2s.o
                0x0000000008011b6c                HAL_I2S_Init
 .text.HAL_I2S_DeInit
                0x0000000008011dec       0x50 Drivers/STM32F4xx_HAL_Driver/Src/stm32f4xx_hal_i2s.o
                0x0000000008011dec                HAL_I2S_DeInit
 .text.HAL_I2S_Transmit_DMA
                0x0000000008011e3c      0x150 Drivers/STM32F4xx_HAL_Driver/Src/stm32f4xx_hal_i2s.o
                0x0000000008011e3c                HAL_I2S_Transmit_DMA
 .text.HAL_I2S_DMAStop
                0x0000000008011f8c      0x3b4 Drivers/STM32F4xx_HAL_Driver/Src/stm32f4xx_hal_i2s.o
                0x0000000008011f8c                HAL_I2S_DMAStop
 .text.HAL_I2S_RxCpltCallback
                0x0000000008012340       0x14 Drivers/STM32F4xx_HAL_Driver/Src/stm32f4xx_hal_i2s.o
                0x0000000008012340                HAL_I2S_RxCpltCallback
 .text.HAL_I2S_ErrorCallback
                0x0000000008012354       0x14 Drivers/STM32F4xx_HAL_Driver/Src/stm32f4xx_hal_i2s.o
                0x0000000008012354                HAL_I2S_ErrorCallback
 .text.I2S_DMATxCplt
                0x0000000008012368       0x42 Drivers/STM32F4xx_HAL_Driver/Src/stm32f4xx_hal_i2s.o
 .text.I2S_DMATxHalfCplt
                0x00000000080123aa       0x1c Drivers/STM32F4xx_HAL_Driver/Src/stm32f4xx_hal_i2s.o
 .text.I2S_DMAError
                0x00000000080123c6       0x4c Drivers/STM32F4xx_HAL_Driver/Src/stm32f4xx_hal_i2s.o
 .text.I2S_Transmit_IT
                0x0000000008012412       0x5c Drivers/STM32F4xx_HAL_Driver/Src/stm32f4xx_hal_i2s.o
 .text.I2S_Receive_IT
                0x000000000801246e       0x5e Drivers/STM32F4xx_HAL_Driver/Src/stm32f4xx_hal_i2s.o
 .text.I2S_IRQHandler
                0x00000000080124cc      0x114 Drivers/STM32F4xx_HAL_Driver/Src/stm32f4xx_hal_i2s.o
 .text.I2S_WaitFlagStateUntilTimeout
                0x00000000080125e0       0x72 Drivers/STM32F4xx_HAL_Driver/Src/stm32f4xx_hal_i2s.o
 *fill*         0x0000000008012652        0x2 
 .text.HAL_I2SEx_FullDuplex_IRQHandler
                0x0000000008012654      0x2a8 Drivers/STM32F4xx_HAL_Driver/Src/stm32f4xx_hal_i2s_ex.o
                0x0000000008012654                HAL_I2SEx_FullDuplex_IRQHandler
 .text.HAL_I2SEx_TxRxCpltCallback
                0x00000000080128fc       0x14 Drivers/STM32F4xx_HAL_Driver/Src/stm32f4xx_hal_i2s_ex.o
                0x00000000080128fc                HAL_I2SEx_TxRxCpltCallback
 .text.I2SEx_TxISR_I2S
                0x0000000008012910       0x62 Drivers/STM32F4xx_HAL_Driver/Src/stm32f4xx_hal_i2s_ex.o
 *fill*         0x0000000008012972        0x2 
 .text.I2SEx_TxISR_I2SExt
                0x0000000008012974       0x98 Drivers/STM32F4xx_HAL_Driver/Src/stm32f4xx_hal_i2s_ex.o
 .text.I2SEx_RxISR_I2S
                0x0000000008012a0c       0x64 Drivers/STM32F4xx_HAL_Driver/Src/stm32f4xx_hal_i2s_ex.o
 .text.I2SEx_RxISR_I2SExt
                0x0000000008012a70       0x98 Drivers/STM32F4xx_HAL_Driver/Src/stm32f4xx_hal_i2s_ex.o
 .text.HAL_RCC_OscConfig
                0x0000000008012b08      0x4f0 Drivers/STM32F4xx_HAL_Driver/Src/stm32f4xx_hal_rcc.o
                0x0000000008012b08                HAL_RCC_OscConfig
 .text.HAL_RCC_ClockConfig
                0x0000000008012ff8      0x1cc Drivers/STM32F4xx_HAL_Driver/Src/stm32f4xx_hal_rcc.o
                0x0000000008012ff8                HAL_RCC_ClockConfig
 .text.HAL_RCC_GetSysClockFreq
                0x00000000080131c4      0x1c4 Drivers/STM32F4xx_HAL_Driver/Src/stm32f4xx_hal_rcc.o
                0x00000000080131c4                HAL_RCC_GetSysClockFreq
 .text.HAL_RCC_GetHCLKFreq
                0x0000000008013388       0x18 Drivers/STM32F4xx_HAL_Driver/Src/stm32f4xx_hal_rcc.o
                0x0000000008013388                HAL_RCC_GetHCLKFreq
 .text.HAL_RCC_GetPCLK2Freq
                0x00000000080133a0       0x28 Drivers/STM32F4xx_HAL_Driver/Src/stm32f4xx_hal_rcc.o
                0x00000000080133a0                HAL_RCC_GetPCLK2Freq
 .text.HAL_RCC_GetClockConfig
                0x00000000080133c8       0x64 Drivers/STM32F4xx_HAL_Driver/Src/stm32f4xx_hal_rcc.o
                0x00000000080133c8                HAL_RCC_GetClockConfig
 .text.HAL_RCCEx_PeriphCLKConfig
                0x000000000801342c      0x1e0 Drivers/STM32F4xx_HAL_Driver/Src/stm32f4xx_hal_rcc_ex.o
                0x000000000801342c                HAL_RCCEx_PeriphCLKConfig
 .text.HAL_RCCEx_GetPeriphCLKFreq
                0x000000000801360c       0xc0 Drivers/STM32F4xx_HAL_Driver/Src/stm32f4xx_hal_rcc_ex.o
                0x000000000801360c                HAL_RCCEx_GetPeriphCLKFreq
 .text.HAL_TIM_Base_Init
                0x00000000080136cc       0x9e Drivers/STM32F4xx_HAL_Driver/Src/stm32f4xx_hal_tim.o
                0x00000000080136cc                HAL_TIM_Base_Init
 .text.HAL_TIM_Base_MspInit
                0x000000000801376a       0x14 Drivers/STM32F4xx_HAL_Driver/Src/stm32f4xx_hal_tim.o
                0x000000000801376a                HAL_TIM_Base_MspInit
 *fill*         0x000000000801377e        0x2 
 .text.HAL_TIM_Base_Start_IT
                0x0000000008013780       0xc4 Drivers/STM32F4xx_HAL_Driver/Src/stm32f4xx_hal_tim.o
                0x0000000008013780                HAL_TIM_Base_Start_IT
 .text.HAL_TIM_IRQHandler
                0x0000000008013844      0x210 Drivers/STM32F4xx_HAL_Driver/Src/stm32f4xx_hal_tim.o
                0x0000000008013844                HAL_TIM_IRQHandler
 .text.HAL_TIM_OC_DelayElapsedCallback
                0x0000000008013a54       0x14 Drivers/STM32F4xx_HAL_Driver/Src/stm32f4xx_hal_tim.o
                0x0000000008013a54                HAL_TIM_OC_DelayElapsedCallback
 .text.HAL_TIM_IC_CaptureCallback
                0x0000000008013a68       0x14 Drivers/STM32F4xx_HAL_Driver/Src/stm32f4xx_hal_tim.o
                0x0000000008013a68                HAL_TIM_IC_CaptureCallback
 .text.HAL_TIM_PWM_PulseFinishedCallback
                0x0000000008013a7c       0x14 Drivers/STM32F4xx_HAL_Driver/Src/stm32f4xx_hal_tim.o
                0x0000000008013a7c                HAL_TIM_PWM_PulseFinishedCallback
 .text.HAL_TIM_TriggerCallback
                0x0000000008013a90       0x14 Drivers/STM32F4xx_HAL_Driver/Src/stm32f4xx_hal_tim.o
                0x0000000008013a90                HAL_TIM_TriggerCallback
 .text.TIM_Base_SetConfig
                0x0000000008013aa4      0x100 Drivers/STM32F4xx_HAL_Driver/Src/stm32f4xx_hal_tim.o
                0x0000000008013aa4                TIM_Base_SetConfig
 .text.HAL_TIMEx_CommutCallback
                0x0000000008013ba4       0x14 Drivers/STM32F4xx_HAL_Driver/Src/stm32f4xx_hal_tim_ex.o
                0x0000000008013ba4                HAL_TIMEx_CommutCallback
 .text.HAL_TIMEx_BreakCallback
                0x0000000008013bb8       0x14 Drivers/STM32F4xx_HAL_Driver/Src/stm32f4xx_hal_tim_ex.o
                0x0000000008013bb8                HAL_TIMEx_BreakCallback
 .text.__NVIC_SetPriority
                0x0000000008013bcc       0x54 Middlewares/Third_Party/FreeRTOS/Source/CMSIS_RTOS_V2/cmsis_os2.o
 .text.SysTick_Handler
                0x0000000008013c20       0x20 Middlewares/Third_Party/FreeRTOS/Source/CMSIS_RTOS_V2/cmsis_os2.o
                0x0000000008013c20                SysTick_Handler
 .text.SVC_Setup
                0x0000000008013c40       0x12 Middlewares/Third_Party/FreeRTOS/Source/CMSIS_RTOS_V2/cmsis_os2.o
 *fill*         0x0000000008013c52        0x2 
 .text.osKernelInitialize
                0x0000000008013c54       0x48 Middlewares/Third_Party/FreeRTOS/Source/CMSIS_RTOS_V2/cmsis_os2.o
                0x0000000008013c54                osKernelInitialize
 .text.osKernelStart
                0x0000000008013c9c       0x4c Middlewares/Third_Party/FreeRTOS/Source/CMSIS_RTOS_V2/cmsis_os2.o
                0x0000000008013c9c                osKernelStart
 .text.osThreadNew
                0x0000000008013ce8      0x124 Middlewares/Third_Party/FreeRTOS/Source/CMSIS_RTOS_V2/cmsis_os2.o
                0x0000000008013ce8                osThreadNew
 .text.osThreadSuspend
                0x0000000008013e0c       0x42 Middlewares/Third_Party/FreeRTOS/Source/CMSIS_RTOS_V2/cmsis_os2.o
                0x0000000008013e0c                osThreadSuspend
 .text.osThreadTerminate
                0x0000000008013e4e       0x5a Middlewares/Third_Party/FreeRTOS/Source/CMSIS_RTOS_V2/cmsis_os2.o
                0x0000000008013e4e                osThreadTerminate
 .text.osDelay  0x0000000008013ea8       0x36 Middlewares/Third_Party/FreeRTOS/Source/CMSIS_RTOS_V2/cmsis_os2.o
                0x0000000008013ea8                osDelay
 *fill*         0x0000000008013ede        0x2 
 .text.vApplicationGetIdleTaskMemory
                0x0000000008013ee0       0x34 Middlewares/Third_Party/FreeRTOS/Source/CMSIS_RTOS_V2/cmsis_os2.o
                0x0000000008013ee0                vApplicationGetIdleTaskMemory
 .text.vApplicationGetTimerTaskMemory
                0x0000000008013f14       0x34 Middlewares/Third_Party/FreeRTOS/Source/CMSIS_RTOS_V2/cmsis_os2.o
                0x0000000008013f14                vApplicationGetTimerTaskMemory
 .text.vListInitialise
                0x0000000008013f48       0x40 Middlewares/Third_Party/FreeRTOS/Source/list.o
                0x0000000008013f48                vListInitialise
 .text.vListInitialiseItem
                0x0000000008013f88       0x1a Middlewares/Third_Party/FreeRTOS/Source/list.o
                0x0000000008013f88                vListInitialiseItem
 .text.vListInsertEnd
                0x0000000008013fa2       0x48 Middlewares/Third_Party/FreeRTOS/Source/list.o
                0x0000000008013fa2                vListInsertEnd
 .text.vListInsert
                0x0000000008013fea       0x72 Middlewares/Third_Party/FreeRTOS/Source/list.o
                0x0000000008013fea                vListInsert
 .text.uxListRemove
                0x000000000801405c       0x54 Middlewares/Third_Party/FreeRTOS/Source/list.o
                0x000000000801405c                uxListRemove
 .text.xQueueGenericReset
                0x00000000080140b0       0xd0 Middlewares/Third_Party/FreeRTOS/Source/queue.o
                0x00000000080140b0                xQueueGenericReset
 .text.xQueueGenericCreateStatic
                0x0000000008014180       0xf0 Middlewares/Third_Party/FreeRTOS/Source/queue.o
                0x0000000008014180                xQueueGenericCreateStatic
 .text.xQueueGenericCreate
                0x0000000008014270       0x74 Middlewares/Third_Party/FreeRTOS/Source/queue.o
                0x0000000008014270                xQueueGenericCreate
 .text.prvInitialiseNewQueue
                0x00000000080142e4       0x46 Middlewares/Third_Party/FreeRTOS/Source/queue.o
 .text.xQueueCreateCountingSemaphore
                0x000000000801432a       0x66 Middlewares/Third_Party/FreeRTOS/Source/queue.o
                0x000000000801432a                xQueueCreateCountingSemaphore
 .text.xQueueGenericSend
                0x0000000008014390      0x1fc Middlewares/Third_Party/FreeRTOS/Source/queue.o
                0x0000000008014390                xQueueGenericSend
 .text.xQueueGenericSendFromISR
                0x000000000801458c      0x136 Middlewares/Third_Party/FreeRTOS/Source/queue.o
                0x000000000801458c                xQueueGenericSendFromISR
 *fill*         0x00000000080146c2        0x2 
 .text.xQueueReceive
                0x00000000080146c4      0x1c0 Middlewares/Third_Party/FreeRTOS/Source/queue.o
                0x00000000080146c4                xQueueReceive
 .text.xQueueSemaphoreTake
                0x0000000008014884      0x218 Middlewares/Third_Party/FreeRTOS/Source/queue.o
                0x0000000008014884                xQueueSemaphoreTake
 .text.prvGetDisinheritPriorityAfterTimeout
                0x0000000008014a9c       0x30 Middlewares/Third_Party/FreeRTOS/Source/queue.o
 .text.prvCopyDataToQueue
                0x0000000008014acc       0xd4 Middlewares/Third_Party/FreeRTOS/Source/queue.o
 .text.prvCopyDataFromQueue
                0x0000000008014ba0       0x4c Middlewares/Third_Party/FreeRTOS/Source/queue.o
 .text.prvUnlockQueue
                0x0000000008014bec       0xa4 Middlewares/Third_Party/FreeRTOS/Source/queue.o
 .text.prvIsQueueEmpty
                0x0000000008014c90       0x2c Middlewares/Third_Party/FreeRTOS/Source/queue.o
 .text.prvIsQueueFull
                0x0000000008014cbc       0x30 Middlewares/Third_Party/FreeRTOS/Source/queue.o
 .text.vQueueAddToRegistry
                0x0000000008014cec       0x54 Middlewares/Third_Party/FreeRTOS/Source/queue.o
                0x0000000008014cec                vQueueAddToRegistry
 .text.vQueueWaitForMessageRestricted
                0x0000000008014d40       0x68 Middlewares/Third_Party/FreeRTOS/Source/queue.o
                0x0000000008014d40                vQueueWaitForMessageRestricted
 .text.xTaskCreateStatic
                0x0000000008014da8       0xba Middlewares/Third_Party/FreeRTOS/Source/tasks.o
                0x0000000008014da8                xTaskCreateStatic
 .text.xTaskCreate
                0x0000000008014e62       0x8a Middlewares/Third_Party/FreeRTOS/Source/tasks.o
                0x0000000008014e62                xTaskCreate
 .text.prvInitialiseNewTask
                0x0000000008014eec      0x11e Middlewares/Third_Party/FreeRTOS/Source/tasks.o
 *fill*         0x000000000801500a        0x2 
 .text.prvAddNewTaskToReadyList
                0x000000000801500c       0xe0 Middlewares/Third_Party/FreeRTOS/Source/tasks.o
 .text.vTaskDelete
                0x00000000080150ec       0xe4 Middlewares/Third_Party/FreeRTOS/Source/tasks.o
                0x00000000080150ec                vTaskDelete
 .text.vTaskDelay
                0x00000000080151d0       0x68 Middlewares/Third_Party/FreeRTOS/Source/tasks.o
                0x00000000080151d0                vTaskDelay
 .text.eTaskGetState
                0x0000000008015238       0xcc Middlewares/Third_Party/FreeRTOS/Source/tasks.o
                0x0000000008015238                eTaskGetState
 .text.vTaskSuspend
                0x0000000008015304       0xec Middlewares/Third_Party/FreeRTOS/Source/tasks.o
                0x0000000008015304                vTaskSuspend
 .text.vTaskStartScheduler
                0x00000000080153f0       0xcc Middlewares/Third_Party/FreeRTOS/Source/tasks.o
                0x00000000080153f0                vTaskStartScheduler
 .text.vTaskSuspendAll
                0x00000000080154bc       0x1c Middlewares/Third_Party/FreeRTOS/Source/tasks.o
                0x00000000080154bc                vTaskSuspendAll
 .text.xTaskResumeAll
                0x00000000080154d8      0x13c Middlewares/Third_Party/FreeRTOS/Source/tasks.o
                0x00000000080154d8                xTaskResumeAll
 .text.xTaskGetTickCount
                0x0000000008015614       0x20 Middlewares/Third_Party/FreeRTOS/Source/tasks.o
                0x0000000008015614                xTaskGetTickCount
 .text.xTaskIncrementTick
                0x0000000008015634      0x174 Middlewares/Third_Party/FreeRTOS/Source/tasks.o
                0x0000000008015634                xTaskIncrementTick
 .text.vTaskSwitchContext
                0x00000000080157a8      0x104 Middlewares/Third_Party/FreeRTOS/Source/tasks.o
                0x00000000080157a8                vTaskSwitchContext
 .text.vTaskPlaceOnEventList
                0x00000000080158ac       0x48 Middlewares/Third_Party/FreeRTOS/Source/tasks.o
                0x00000000080158ac                vTaskPlaceOnEventList
 .text.vTaskPlaceOnEventListRestricted
                0x00000000080158f4       0x58 Middlewares/Third_Party/FreeRTOS/Source/tasks.o
                0x00000000080158f4                vTaskPlaceOnEventListRestricted
 .text.xTaskRemoveFromEventList
                0x000000000801594c       0xc8 Middlewares/Third_Party/FreeRTOS/Source/tasks.o
                0x000000000801594c                xTaskRemoveFromEventList
 .text.vTaskInternalSetTimeOutState
                0x0000000008015a14       0x2c Middlewares/Third_Party/FreeRTOS/Source/tasks.o
                0x0000000008015a14                vTaskInternalSetTimeOutState
 .text.xTaskCheckForTimeOut
                0x0000000008015a40       0xc4 Middlewares/Third_Party/FreeRTOS/Source/tasks.o
                0x0000000008015a40                xTaskCheckForTimeOut
 .text.vTaskMissedYield
                0x0000000008015b04       0x18 Middlewares/Third_Party/FreeRTOS/Source/tasks.o
                0x0000000008015b04                vTaskMissedYield
 .text.prvIdleTask
                0x0000000008015b1c       0x34 Middlewares/Third_Party/FreeRTOS/Source/tasks.o
 .text.prvInitialiseTaskLists
                0x0000000008015b50       0x80 Middlewares/Third_Party/FreeRTOS/Source/tasks.o
 .text.prvCheckTasksWaitingTermination
                0x0000000008015bd0       0x5c Middlewares/Third_Party/FreeRTOS/Source/tasks.o
 .text.prvDeleteTCB
                0x0000000008015c2c       0x5e Middlewares/Third_Party/FreeRTOS/Source/tasks.o
 *fill*         0x0000000008015c8a        0x2 
 .text.prvResetNextTaskUnblockTime
                0x0000000008015c8c       0x40 Middlewares/Third_Party/FreeRTOS/Source/tasks.o
 .text.xTaskGetSchedulerState
                0x0000000008015ccc       0x3c Middlewares/Third_Party/FreeRTOS/Source/tasks.o
                0x0000000008015ccc                xTaskGetSchedulerState
 .text.xTaskPriorityInherit
                0x0000000008015d08       0xd0 Middlewares/Third_Party/FreeRTOS/Source/tasks.o
                0x0000000008015d08                xTaskPriorityInherit
 .text.xTaskPriorityDisinherit
                0x0000000008015dd8       0xdc Middlewares/Third_Party/FreeRTOS/Source/tasks.o
                0x0000000008015dd8                xTaskPriorityDisinherit
 .text.vTaskPriorityDisinheritAfterTimeout
                0x0000000008015eb4      0x104 Middlewares/Third_Party/FreeRTOS/Source/tasks.o
                0x0000000008015eb4                vTaskPriorityDisinheritAfterTimeout
 .text.pvTaskIncrementMutexHeldCount
                0x0000000008015fb8       0x28 Middlewares/Third_Party/FreeRTOS/Source/tasks.o
                0x0000000008015fb8                pvTaskIncrementMutexHeldCount
 .text.prvAddCurrentTaskToDelayedList
                0x0000000008015fe0       0xa8 Middlewares/Third_Party/FreeRTOS/Source/tasks.o
 .text.xTimerCreateTimerTask
                0x0000000008016088       0x90 Middlewares/Third_Party/FreeRTOS/Source/timers.o
                0x0000000008016088                xTimerCreateTimerTask
 .text.xTimerGenericCommand
                0x0000000008016118       0x9c Middlewares/Third_Party/FreeRTOS/Source/timers.o
                0x0000000008016118                xTimerGenericCommand
 .text.prvProcessExpiredTimer
                0x00000000080161b4       0x98 Middlewares/Third_Party/FreeRTOS/Source/timers.o
 .text.prvTimerTask
                0x000000000801624c       0x24 Middlewares/Third_Party/FreeRTOS/Source/timers.o
 .text.prvProcessTimerOrBlockTask
                0x0000000008016270       0x9c Middlewares/Third_Party/FreeRTOS/Source/timers.o
 .text.prvGetNextExpireTime
                0x000000000801630c       0x48 Middlewares/Third_Party/FreeRTOS/Source/timers.o
 .text.prvSampleTimeNow
                0x0000000008016354       0x40 Middlewares/Third_Party/FreeRTOS/Source/timers.o
 .text.prvInsertTimerInActiveList
                0x0000000008016394       0x84 Middlewares/Third_Party/FreeRTOS/Source/timers.o
 .text.prvProcessReceivedCommands
                0x0000000008016418      0x1c4 Middlewares/Third_Party/FreeRTOS/Source/timers.o
 .text.prvSwitchTimerLists
                0x00000000080165dc       0xc8 Middlewares/Third_Party/FreeRTOS/Source/timers.o
 .text.prvCheckForValidListAndQueue
                0x00000000080166a4       0x80 Middlewares/Third_Party/FreeRTOS/Source/timers.o
 .text.pxPortInitialiseStack
                0x0000000008016724       0x68 Middlewares/Third_Party/FreeRTOS/Source/portable/GCC/ARM_CM4F/port.o
                0x0000000008016724                pxPortInitialiseStack
 .text.prvTaskExitError
                0x000000000801678c       0x58 Middlewares/Third_Party/FreeRTOS/Source/portable/GCC/ARM_CM4F/port.o
 *fill*         0x00000000080167e4        0xc 
 .text.SVC_Handler
                0x00000000080167f0       0x28 Middlewares/Third_Party/FreeRTOS/Source/portable/GCC/ARM_CM4F/port.o
                0x00000000080167f0                SVC_Handler
 .text.prvPortStartFirstTask
                0x0000000008016818       0x28 Middlewares/Third_Party/FreeRTOS/Source/portable/GCC/ARM_CM4F/port.o
 .text.xPortStartScheduler
                0x0000000008016840      0x144 Middlewares/Third_Party/FreeRTOS/Source/portable/GCC/ARM_CM4F/port.o
                0x0000000008016840                xPortStartScheduler
 .text.vPortEnterCritical
                0x0000000008016984       0x60 Middlewares/Third_Party/FreeRTOS/Source/portable/GCC/ARM_CM4F/port.o
                0x0000000008016984                vPortEnterCritical
 .text.vPortExitCritical
                0x00000000080169e4       0x54 Middlewares/Third_Party/FreeRTOS/Source/portable/GCC/ARM_CM4F/port.o
                0x00000000080169e4                vPortExitCritical
 *fill*         0x0000000008016a38        0x8 
 .text.PendSV_Handler
                0x0000000008016a40       0x68 Middlewares/Third_Party/FreeRTOS/Source/portable/GCC/ARM_CM4F/port.o
                0x0000000008016a40                PendSV_Handler
 .text.xPortSysTickHandler
                0x0000000008016aa8       0x44 Middlewares/Third_Party/FreeRTOS/Source/portable/GCC/ARM_CM4F/port.o
                0x0000000008016aa8                xPortSysTickHandler
 .text.vPortSetupTimerInterrupt
                0x0000000008016aec       0x48 Middlewares/Third_Party/FreeRTOS/Source/portable/GCC/ARM_CM4F/port.o
                0x0000000008016aec                vPortSetupTimerInterrupt
 .text.vPortEnableVFP
                0x0000000008016b34       0x14 Middlewares/Third_Party/FreeRTOS/Source/portable/GCC/ARM_CM4F/port.o
 .text.vPortValidateInterruptPriority
                0x0000000008016b48       0x80 Middlewares/Third_Party/FreeRTOS/Source/portable/GCC/ARM_CM4F/port.o
                0x0000000008016b48                vPortValidateInterruptPriority
 .text.pvPortMalloc
                0x0000000008016bc8      0x1a0 Middlewares/Third_Party/FreeRTOS/Source/portable/MemMang/heap_4.o
                0x0000000008016bc8                pvPortMalloc
 .text.vPortFree
                0x0000000008016d68       0xc4 Middlewares/Third_Party/FreeRTOS/Source/portable/MemMang/heap_4.o
                0x0000000008016d68                vPortFree
 .text.prvHeapInit
                0x0000000008016e2c       0xc4 Middlewares/Third_Party/FreeRTOS/Source/portable/MemMang/heap_4.o
 .text.prvInsertBlockIntoFreeList
                0x0000000008016ef0       0xb4 Middlewares/Third_Party/FreeRTOS/Source/portable/MemMang/heap_4.o
 .text.rtos_createThread
                0x0000000008016fa4       0x2e RTOS/rtos.o
                0x0000000008016fa4                rtos_createThread
 .text.rtos_createMailbox
                0x0000000008016fd2       0x28 RTOS/rtos.o
                0x0000000008016fd2                rtos_createMailbox
 .text.rtos_createSemaphore
                0x0000000008016ffa       0x30 RTOS/rtos.o
                0x0000000008016ffa                rtos_createSemaphore
 .text.rtos_cmd_success
                0x000000000801702a       0x26 RTOS/rtos.o
                0x000000000801702a                rtos_cmd_success
 .text.rtos_Sleep_mS
                0x0000000008017050       0x16 RTOS/rtos.o
                0x0000000008017050                rtos_Sleep_mS
 *fill*         0x0000000008017066        0x2 
 .text.audioClipThread
                0x0000000008017068       0x88 audio_clips/audio_clip.o
 .text.internal_decoder_callback
                0x00000000080170f0       0x90 audio_clips/audio_clip.o
 .text.audioClipEOStreamAssignCB
                0x0000000008017180       0x28 audio_clips/audio_clip.o
                0x0000000008017180                audioClipEOStreamAssignCB
 .text.audioClipInit
                0x00000000080171a8       0x84 audio_clips/audio_clip.o
                0x00000000080171a8                audioClipInit
 .text.audioClipPlay
                0x000000000801722c       0x84 audio_clips/audio_clip.o
                0x000000000801722c                audioClipPlay
 .text.audioClipListInit
                0x00000000080172b0       0x2c audio_clips/audio_clip.o
                0x00000000080172b0                audioClipListInit
 .text.clip_handler_chunk_read
                0x00000000080172dc       0x70 audio_clips/clip_handler/clip_handler.o
                0x00000000080172dc                clip_handler_chunk_read
 .text.clip_handler_init_clip
                0x000000000801734c       0x80 audio_clips/clip_handler/clip_handler.o
                0x000000000801734c                clip_handler_init_clip
 .text.clip_handler_get_sample_rate
                0x00000000080173cc       0x28 audio_clips/clip_handler/clip_handler.o
                0x00000000080173cc                clip_handler_get_sample_rate
 .text.clip_handler_is_stereo
                0x00000000080173f4       0x24 audio_clips/clip_handler/clip_handler.o
                0x00000000080173f4                clip_handler_is_stereo
 .text.dac_handler_init
                0x0000000008017418       0x38 audio_clips/dac_handler/dac_handler.o
                0x0000000008017418                dac_handler_init
 .text.dac_handler_start_stream
                0x0000000008017450       0x1c audio_clips/dac_handler/dac_handler.o
                0x0000000008017450                dac_handler_start_stream
 .text.dac_handler_stop_stream
                0x000000000801746c       0x28 audio_clips/dac_handler/dac_handler.o
                0x000000000801746c                dac_handler_stop_stream
 .text.dac_handler_dma_txcmplt_buffer_feed_cb
                0x0000000008017494       0xb4 audio_clips/dac_handler/dac_handler.o
                0x0000000008017494                dac_handler_dma_txcmplt_buffer_feed_cb
 .text.dac_handler_dma_txhalfcmplt_buffer_feed_cb
                0x0000000008017548       0xb0 audio_clips/dac_handler/dac_handler.o
                0x0000000008017548                dac_handler_dma_txhalfcmplt_buffer_feed_cb
 .text.dac_handler_ring_buffer_push_sample
                0x00000000080175f8       0x24 audio_clips/dac_handler/dac_handler.o
                0x00000000080175f8                dac_handler_ring_buffer_push_sample
 .text.dac_handler_ring_is_above_threshold
                0x000000000801761c       0x24 audio_clips/dac_handler/dac_handler.o
                0x000000000801761c                dac_handler_ring_is_above_threshold
 .text.dac_handler_ring_is_empty
                0x0000000008017640       0x1c audio_clips/dac_handler/dac_handler.o
                0x0000000008017640                dac_handler_ring_is_empty
 .text.r16_inc_wrap
                0x000000000801765c       0x34 audio_clips/dac_handler/ring16/ring16.o
 .text.ring16_push
                0x0000000008017690       0x92 audio_clips/dac_handler/ring16/ring16.o
                0x0000000008017690                ring16_push
 .text.ring16_pop
                0x0000000008017722       0x94 audio_clips/dac_handler/ring16/ring16.o
                0x0000000008017722                ring16_pop
 .text.ring16_memrd
                0x00000000080177b6       0x48 audio_clips/dac_handler/ring16/ring16.o
                0x00000000080177b6                ring16_memrd
 .text.ring16_flush
                0x00000000080177fe       0x3c audio_clips/dac_handler/ring16/ring16.o
                0x00000000080177fe                ring16_flush
 *fill*         0x000000000801783a        0x2 
 .text.decoder_get_task_state
                0x000000000801783c       0x18 audio_clips/decoder/decoder.o
 .text.streaming
                0x0000000008017854       0x8c audio_clips/decoder/decoder.o
 .text.buffering
                0x00000000080178e0      0x144 audio_clips/decoder/decoder.o
 .text.idle     0x0000000008017a24       0x10 audio_clips/decoder/decoder.o
 .text.decoder_thread
                0x0000000008017a34       0x50 audio_clips/decoder/decoder.o
                0x0000000008017a34                decoder_thread
 .text.decoder_play_clip
                0x0000000008017a84       0xe8 audio_clips/decoder/decoder.o
                0x0000000008017a84                decoder_play_clip
 .text.decoder_events_assign_callback
                0x0000000008017b6c       0x28 audio_clips/decoder/decoder.o
                0x0000000008017b6c                decoder_events_assign_callback
 .text.i2sInit  0x0000000008017b94       0x60 audio_clips/i2s/i2s_peri.o
                0x0000000008017b94                i2sInit
 .text.i2s_matchObject
                0x0000000008017bf4       0x4c audio_clips/i2s/i2s_peri.o
                0x0000000008017bf4                i2s_matchObject
 .text.i2s_InitAudClip
                0x0000000008017c40       0x34 audio_clips/i2s/i2s_peri.o
                0x0000000008017c40                i2s_InitAudClip
 .text.i2s_EndAudClip
                0x0000000008017c74       0x1a audio_clips/i2s/i2s_peri.o
                0x0000000008017c74                i2s_EndAudClip
 *fill*         0x0000000008017c8e        0x2 
 .text.HAL_I2S_Assign_TxCpltCallback
                0x0000000008017c90       0x20 audio_clips/i2s/i2s_peri.o
                0x0000000008017c90                HAL_I2S_Assign_TxCpltCallback
 .text.HAL_I2S_Assign_TxHalfCpltCallback
                0x0000000008017cb0       0x20 audio_clips/i2s/i2s_peri.o
                0x0000000008017cb0                HAL_I2S_Assign_TxHalfCpltCallback
 .text.HAL_I2S_TxCpltCallback
                0x0000000008017cd0       0x50 audio_clips/i2s/i2s_peri.o
                0x0000000008017cd0                HAL_I2S_TxCpltCallback
 .text.HAL_I2S_TxHalfCpltCallback
                0x0000000008017d20       0x50 audio_clips/i2s/i2s_peri.o
                0x0000000008017d20                HAL_I2S_TxHalfCpltCallback
 .text.fx_bitstream_init
                0x0000000008017d70       0x34 audio_clips/libfoxenflac/foxen/flac.o
 .text.fx_bitstream_can_read
                0x0000000008017da4       0x2a audio_clips/libfoxenflac/foxen/flac.o
 .text.fx_bitstream_try_read_msb
                0x0000000008017dce       0x3e audio_clips/libfoxenflac/foxen/flac.o
 .text.fx_bitstream_try_peek_msb
                0x0000000008017e0c       0x3e audio_clips/libfoxenflac/foxen/flac.o
 .text._fx_bitstream_fill_buf
                0x0000000008017e4a       0x6a audio_clips/libfoxenflac/foxen/flac.o
 .text._fx_bitstream_read_msb
                0x0000000008017eb4      0x148 audio_clips/libfoxenflac/foxen/flac.o
 .text.fx_bitstream_set_source
                0x0000000008017ffc       0x2a audio_clips/libfoxenflac/foxen/flac.o
 .text.fx_bitstream_read_msb
                0x0000000008018026       0x26 audio_clips/libfoxenflac/foxen/flac.o
 .text.fx_bitstream_peek_msb
                0x000000000801804c       0x8c audio_clips/libfoxenflac/foxen/flac.o
 .text.fx_mem_init_size
                0x00000000080180d8       0x1c audio_clips/libfoxenflac/foxen/flac.o
 .text.fx_mem_update_size_ex
                0x00000000080180f4       0x44 audio_clips/libfoxenflac/foxen/flac.o
 .text.fx_mem_update_size
                0x0000000008018138       0x1e audio_clips/libfoxenflac/foxen/flac.o
 .text.fx_mem_align_ex
                0x0000000008018156       0x3a audio_clips/libfoxenflac/foxen/flac.o
 .text.fx_mem_align
                0x0000000008018190       0x1e audio_clips/libfoxenflac/foxen/flac.o
 *fill*         0x00000000080181ae        0x2 
 .text.fx_mem_zero_aligned
                0x00000000080181b0       0x78 audio_clips/libfoxenflac/foxen/flac.o
 .text._fx_flac_check_params
                0x0000000008018228       0x3a audio_clips/libfoxenflac/foxen/flac.o
 *fill*         0x0000000008018262        0x2 
 .text._fx_flac_decode_block_size
                0x0000000008018264       0x40 audio_clips/libfoxenflac/foxen/flac.o
 .text._fx_flac_decode_sample_rate
                0x00000000080182a4       0x40 audio_clips/libfoxenflac/foxen/flac.o
 .text._fx_flac_decode_sample_size
                0x00000000080182e4       0x40 audio_clips/libfoxenflac/foxen/flac.o
 .text._fx_flac_decode_channel_count
                0x0000000008018324       0x2e audio_clips/libfoxenflac/foxen/flac.o
 .text._fx_flac_post_process_left_side
                0x0000000008018352       0x4e audio_clips/libfoxenflac/foxen/flac.o
 .text._fx_flac_post_process_right_side
                0x00000000080183a0       0x4e audio_clips/libfoxenflac/foxen/flac.o
 .text._fx_flac_post_process_mid_side
                0x00000000080183ee       0x7c audio_clips/libfoxenflac/foxen/flac.o
 .text._fx_flac_restore_lpc_signal
                0x000000000801846a       0xe4 audio_clips/libfoxenflac/foxen/flac.o
 .text._fx_flac_reader_utf8_coded_int
                0x000000000801854e      0x10e audio_clips/libfoxenflac/foxen/flac.o
 .text._fx_flac_handle_err
                0x000000000801865c       0x38 audio_clips/libfoxenflac/foxen/flac.o
 .text._fx_flac_process_init
                0x0000000008018694       0xb4 audio_clips/libfoxenflac/foxen/flac.o
 .text._fx_flac_process_in_metadata
                0x0000000008018748      0x3c4 audio_clips/libfoxenflac/foxen/flac.o
 .text._fx_flac_process_search_frame
                0x0000000008018b0c      0x400 audio_clips/libfoxenflac/foxen/flac.o
 .text._fx_flac_process_in_frame
                0x0000000008018f0c      0xa34 audio_clips/libfoxenflac/foxen/flac.o
 .text._fx_flac_process_decoded_frame
                0x0000000008019940       0xdc audio_clips/libfoxenflac/foxen/flac.o
 .text.fx_flac_size
                0x0000000008019a1c      0x100 audio_clips/libfoxenflac/foxen/flac.o
                0x0000000008019a1c                fx_flac_size
 .text.fx_flac_init
                0x0000000008019b1c      0x102 audio_clips/libfoxenflac/foxen/flac.o
                0x0000000008019b1c                fx_flac_init
 .text.fx_flac_reset
                0x0000000008019c1e       0x9c audio_clips/libfoxenflac/foxen/flac.o
                0x0000000008019c1e                fx_flac_reset
 *fill*         0x0000000008019cba        0x2 
 .text.fx_flac_process
                0x0000000008019cbc      0x1cc audio_clips/libfoxenflac/foxen/flac.o
                0x0000000008019cbc                fx_flac_process
 .text.tx_complete_cb
                0x0000000008019e88       0x24 audio_clips/wrappers/wrp_i2s.o
 .text.tx_halfcomplete_cb
                0x0000000008019eac       0x24 audio_clips/wrappers/wrp_i2s.o
 .text.wrp_i2s_init
                0x0000000008019ed0       0x60 audio_clips/wrappers/wrp_i2s.o
                0x0000000008019ed0                wrp_i2s_init
 .text.wrp_i2s_get_dma_buf
                0x0000000008019f30       0x3c audio_clips/wrappers/wrp_i2s.o
                0x0000000008019f30                wrp_i2s_get_dma_buf
 .text.wrp_i2s_tx
                0x0000000008019f6c       0x3c audio_clips/wrappers/wrp_i2s.o
                0x0000000008019f6c                wrp_i2s_tx
 .text.wrp_i2s_stop
                0x0000000008019fa8       0x1c audio_clips/wrappers/wrp_i2s.o
                0x0000000008019fa8                wrp_i2s_stop
 .text.wrp_mem_read
                0x0000000008019fc4       0x2c audio_clips/wrappers/wrp_mem.o
                0x0000000008019fc4                wrp_mem_read
 .text.wrp_mem_set_element
                0x0000000008019ff0       0x4c audio_clips/wrappers/wrp_mem.o
                0x0000000008019ff0                wrp_mem_set_element
 .text.wrp_mem_get_size
                0x000000000801a03c       0x18 audio_clips/wrappers/wrp_mem.o
                0x000000000801a03c                wrp_mem_get_size
 .text.wrp_mem_get_address
                0x000000000801a054       0x18 audio_clips/wrappers/wrp_mem.o
                0x000000000801a054                wrp_mem_get_address
 .text.__assert_func
                0x000000000801a06c       0x3c c:/st/stm32cubeide_1.6.1/stm32cubeide/plugins/com.st.stm32cube.ide.mcu.externaltools.gnu-tools-for-stm32.9-2020-q2-update.win32_1.5.0.202011040924/tools/bin/../lib/gcc/arm-none-eabi/9.3.1/../../../../arm-none-eabi/lib/thumb/v7e-m+fp/hard\libc_nano.a(lib_a-assert.o)
                0x000000000801a06c                __assert_func
 .text.__errno  0x000000000801a0a8        0xc c:/st/stm32cubeide_1.6.1/stm32cubeide/plugins/com.st.stm32cube.ide.mcu.externaltools.gnu-tools-for-stm32.9-2020-q2-update.win32_1.5.0.202011040924/tools/bin/../lib/gcc/arm-none-eabi/9.3.1/../../../../arm-none-eabi/lib/thumb/v7e-m+fp/hard\libc_nano.a(lib_a-errno.o)
                0x000000000801a0a8                __errno
 .text.fprintf  0x000000000801a0b4       0x24 c:/st/stm32cubeide_1.6.1/stm32cubeide/plugins/com.st.stm32cube.ide.mcu.externaltools.gnu-tools-for-stm32.9-2020-q2-update.win32_1.5.0.202011040924/tools/bin/../lib/gcc/arm-none-eabi/9.3.1/../../../../arm-none-eabi/lib/thumb/v7e-m+fp/hard\libc_nano.a(lib_a-fprintf.o)
                0x000000000801a0b4                fiprintf
                0x000000000801a0b4                fprintf
 .text.__libc_init_array
                0x000000000801a0d8       0x48 c:/st/stm32cubeide_1.6.1/stm32cubeide/plugins/com.st.stm32cube.ide.mcu.externaltools.gnu-tools-for-stm32.9-2020-q2-update.win32_1.5.0.202011040924/tools/bin/../lib/gcc/arm-none-eabi/9.3.1/../../../../arm-none-eabi/lib/thumb/v7e-m+fp/hard\libc_nano.a(lib_a-init.o)
                0x000000000801a0d8                __libc_init_array
 .text.memcpy   0x000000000801a120       0x1c c:/st/stm32cubeide_1.6.1/stm32cubeide/plugins/com.st.stm32cube.ide.mcu.externaltools.gnu-tools-for-stm32.9-2020-q2-update.win32_1.5.0.202011040924/tools/bin/../lib/gcc/arm-none-eabi/9.3.1/../../../../arm-none-eabi/lib/thumb/v7e-m+fp/hard\libc_nano.a(lib_a-memcpy-stub.o)
                0x000000000801a120                memcpy
 .text.memset   0x000000000801a13c       0x10 c:/st/stm32cubeide_1.6.1/stm32cubeide/plugins/com.st.stm32cube.ide.mcu.externaltools.gnu-tools-for-stm32.9-2020-q2-update.win32_1.5.0.202011040924/tools/bin/../lib/gcc/arm-none-eabi/9.3.1/../../../../arm-none-eabi/lib/thumb/v7e-m+fp/hard\libc_nano.a(lib_a-memset.o)
                0x000000000801a13c                memset
 .text.__sfputc_r
                0x000000000801a14c       0x2e c:/st/stm32cubeide_1.6.1/stm32cubeide/plugins/com.st.stm32cube.ide.mcu.externaltools.gnu-tools-for-stm32.9-2020-q2-update.win32_1.5.0.202011040924/tools/bin/../lib/gcc/arm-none-eabi/9.3.1/../../../../arm-none-eabi/lib/thumb/v7e-m+fp/hard\libc_nano.a(lib_a-nano-vfprintf.o)
 .text.__sfputs_r
                0x000000000801a17a       0x24 c:/st/stm32cubeide_1.6.1/stm32cubeide/plugins/com.st.stm32cube.ide.mcu.externaltools.gnu-tools-for-stm32.9-2020-q2-update.win32_1.5.0.202011040924/tools/bin/../lib/gcc/arm-none-eabi/9.3.1/../../../../arm-none-eabi/lib/thumb/v7e-m+fp/hard\libc_nano.a(lib_a-nano-vfprintf.o)
                0x000000000801a17a                __sfputs_r
 *fill*         0x000000000801a19e        0x2 
 .text._vfprintf_r
                0x000000000801a1a0      0x260 c:/st/stm32cubeide_1.6.1/stm32cubeide/plugins/com.st.stm32cube.ide.mcu.externaltools.gnu-tools-for-stm32.9-2020-q2-update.win32_1.5.0.202011040924/tools/bin/../lib/gcc/arm-none-eabi/9.3.1/../../../../arm-none-eabi/lib/thumb/v7e-m+fp/hard\libc_nano.a(lib_a-nano-vfprintf.o)
                0x000000000801a1a0                _vfprintf_r
                0x000000000801a1a0                _vfiprintf_r
 .text._printf_common
                0x000000000801a400       0xda c:/st/stm32cubeide_1.6.1/stm32cubeide/plugins/com.st.stm32cube.ide.mcu.externaltools.gnu-tools-for-stm32.9-2020-q2-update.win32_1.5.0.202011040924/tools/bin/../lib/gcc/arm-none-eabi/9.3.1/../../../../arm-none-eabi/lib/thumb/v7e-m+fp/hard\libc_nano.a(lib_a-nano-vfprintf_i.o)
                0x000000000801a400                _printf_common
 *fill*         0x000000000801a4da        0x2 
 .text._printf_i
                0x000000000801a4dc      0x24c c:/st/stm32cubeide_1.6.1/stm32cubeide/plugins/com.st.stm32cube.ide.mcu.externaltools.gnu-tools-for-stm32.9-2020-q2-update.win32_1.5.0.202011040924/tools/bin/../lib/gcc/arm-none-eabi/9.3.1/../../../../arm-none-eabi/lib/thumb/v7e-m+fp/hard\libc_nano.a(lib_a-nano-vfprintf_i.o)
                0x000000000801a4dc                _printf_i
 .text.__swbuf_r
                0x000000000801a728       0xa4 c:/st/stm32cubeide_1.6.1/stm32cubeide/plugins/com.st.stm32cube.ide.mcu.externaltools.gnu-tools-for-stm32.9-2020-q2-update.win32_1.5.0.202011040924/tools/bin/../lib/gcc/arm-none-eabi/9.3.1/../../../../arm-none-eabi/lib/thumb/v7e-m+fp/hard\libc_nano.a(lib_a-wbuf.o)
                0x000000000801a728                __swbuf_r
 .text.__swsetup_r
                0x000000000801a7cc       0xdc c:/st/stm32cubeide_1.6.1/stm32cubeide/plugins/com.st.stm32cube.ide.mcu.externaltools.gnu-tools-for-stm32.9-2020-q2-update.win32_1.5.0.202011040924/tools/bin/../lib/gcc/arm-none-eabi/9.3.1/../../../../arm-none-eabi/lib/thumb/v7e-m+fp/hard\libc_nano.a(lib_a-wsetup.o)
                0x000000000801a7cc                __swsetup_r
 .text.abort    0x000000000801a8a8        0xe c:/st/stm32cubeide_1.6.1/stm32cubeide/plugins/com.st.stm32cube.ide.mcu.externaltools.gnu-tools-for-stm32.9-2020-q2-update.win32_1.5.0.202011040924/tools/bin/../lib/gcc/arm-none-eabi/9.3.1/../../../../arm-none-eabi/lib/thumb/v7e-m+fp/hard\libc_nano.a(lib_a-abort.o)
                0x000000000801a8a8                abort
 *fill*         0x000000000801a8b6        0x2 
 .text.__sflush_r
                0x000000000801a8b8      0x10c c:/st/stm32cubeide_1.6.1/stm32cubeide/plugins/com.st.stm32cube.ide.mcu.externaltools.gnu-tools-for-stm32.9-2020-q2-update.win32_1.5.0.202011040924/tools/bin/../lib/gcc/arm-none-eabi/9.3.1/../../../../arm-none-eabi/lib/thumb/v7e-m+fp/hard\libc_nano.a(lib_a-fflush.o)
                0x000000000801a8b8                __sflush_r
 .text._fflush_r
                0x000000000801a9c4       0x78 c:/st/stm32cubeide_1.6.1/stm32cubeide/plugins/com.st.stm32cube.ide.mcu.externaltools.gnu-tools-for-stm32.9-2020-q2-update.win32_1.5.0.202011040924/tools/bin/../lib/gcc/arm-none-eabi/9.3.1/../../../../arm-none-eabi/lib/thumb/v7e-m+fp/hard\libc_nano.a(lib_a-fflush.o)
                0x000000000801a9c4                _fflush_r
 .text.std      0x000000000801aa3c       0x48 c:/st/stm32cubeide_1.6.1/stm32cubeide/plugins/com.st.stm32cube.ide.mcu.externaltools.gnu-tools-for-stm32.9-2020-q2-update.win32_1.5.0.202011040924/tools/bin/../lib/gcc/arm-none-eabi/9.3.1/../../../../arm-none-eabi/lib/thumb/v7e-m+fp/hard\libc_nano.a(lib_a-findfp.o)
 .text._cleanup_r
                0x000000000801aa84        0xc c:/st/stm32cubeide_1.6.1/stm32cubeide/plugins/com.st.stm32cube.ide.mcu.externaltools.gnu-tools-for-stm32.9-2020-q2-update.win32_1.5.0.202011040924/tools/bin/../lib/gcc/arm-none-eabi/9.3.1/../../../../arm-none-eabi/lib/thumb/v7e-m+fp/hard\libc_nano.a(lib_a-findfp.o)
                0x000000000801aa84                _cleanup_r
 .text.__sfmoreglue
                0x000000000801aa90       0x2c c:/st/stm32cubeide_1.6.1/stm32cubeide/plugins/com.st.stm32cube.ide.mcu.externaltools.gnu-tools-for-stm32.9-2020-q2-update.win32_1.5.0.202011040924/tools/bin/../lib/gcc/arm-none-eabi/9.3.1/../../../../arm-none-eabi/lib/thumb/v7e-m+fp/hard\libc_nano.a(lib_a-findfp.o)
                0x000000000801aa90                __sfmoreglue
 .text.__sfp_lock_acquire
                0x000000000801aabc        0xc c:/st/stm32cubeide_1.6.1/stm32cubeide/plugins/com.st.stm32cube.ide.mcu.externaltools.gnu-tools-for-stm32.9-2020-q2-update.win32_1.5.0.202011040924/tools/bin/../lib/gcc/arm-none-eabi/9.3.1/../../../../arm-none-eabi/lib/thumb/v7e-m+fp/hard\libc_nano.a(lib_a-findfp.o)
                0x000000000801aabc                __sfp_lock_acquire
 .text.__sfp_lock_release
                0x000000000801aac8        0xc c:/st/stm32cubeide_1.6.1/stm32cubeide/plugins/com.st.stm32cube.ide.mcu.externaltools.gnu-tools-for-stm32.9-2020-q2-update.win32_1.5.0.202011040924/tools/bin/../lib/gcc/arm-none-eabi/9.3.1/../../../../arm-none-eabi/lib/thumb/v7e-m+fp/hard\libc_nano.a(lib_a-findfp.o)
                0x000000000801aac8                __sfp_lock_release
 .text.__sinit_lock_acquire
                0x000000000801aad4        0xc c:/st/stm32cubeide_1.6.1/stm32cubeide/plugins/com.st.stm32cube.ide.mcu.externaltools.gnu-tools-for-stm32.9-2020-q2-update.win32_1.5.0.202011040924/tools/bin/../lib/gcc/arm-none-eabi/9.3.1/../../../../arm-none-eabi/lib/thumb/v7e-m+fp/hard\libc_nano.a(lib_a-findfp.o)
                0x000000000801aad4                __sinit_lock_acquire
 .text.__sinit_lock_release
                0x000000000801aae0        0xc c:/st/stm32cubeide_1.6.1/stm32cubeide/plugins/com.st.stm32cube.ide.mcu.externaltools.gnu-tools-for-stm32.9-2020-q2-update.win32_1.5.0.202011040924/tools/bin/../lib/gcc/arm-none-eabi/9.3.1/../../../../arm-none-eabi/lib/thumb/v7e-m+fp/hard\libc_nano.a(lib_a-findfp.o)
                0x000000000801aae0                __sinit_lock_release
 .text.__sinit  0x000000000801aaec       0x70 c:/st/stm32cubeide_1.6.1/stm32cubeide/plugins/com.st.stm32cube.ide.mcu.externaltools.gnu-tools-for-stm32.9-2020-q2-update.win32_1.5.0.202011040924/tools/bin/../lib/gcc/arm-none-eabi/9.3.1/../../../../arm-none-eabi/lib/thumb/v7e-m+fp/hard\libc_nano.a(lib_a-findfp.o)
                0x000000000801aaec                __sinit
 .text.__sfp    0x000000000801ab5c       0x8c c:/st/stm32cubeide_1.6.1/stm32cubeide/plugins/com.st.stm32cube.ide.mcu.externaltools.gnu-tools-for-stm32.9-2020-q2-update.win32_1.5.0.202011040924/tools/bin/../lib/gcc/arm-none-eabi/9.3.1/../../../../arm-none-eabi/lib/thumb/v7e-m+fp/hard\libc_nano.a(lib_a-findfp.o)
                0x000000000801ab5c                __sfp
 .text._fwalk_reent
                0x000000000801abe8       0x3e c:/st/stm32cubeide_1.6.1/stm32cubeide/plugins/com.st.stm32cube.ide.mcu.externaltools.gnu-tools-for-stm32.9-2020-q2-update.win32_1.5.0.202011040924/tools/bin/../lib/gcc/arm-none-eabi/9.3.1/../../../../arm-none-eabi/lib/thumb/v7e-m+fp/hard\libc_nano.a(lib_a-fwalk.o)
                0x000000000801abe8                _fwalk_reent
 .text.__retarget_lock_init_recursive
                0x000000000801ac26        0x2 c:/st/stm32cubeide_1.6.1/stm32cubeide/plugins/com.st.stm32cube.ide.mcu.externaltools.gnu-tools-for-stm32.9-2020-q2-update.win32_1.5.0.202011040924/tools/bin/../lib/gcc/arm-none-eabi/9.3.1/../../../../arm-none-eabi/lib/thumb/v7e-m+fp/hard\libc_nano.a(lib_a-lock.o)
                0x000000000801ac26                __retarget_lock_init_recursive
 .text.__retarget_lock_acquire_recursive
                0x000000000801ac28        0x2 c:/st/stm32cubeide_1.6.1/stm32cubeide/plugins/com.st.stm32cube.ide.mcu.externaltools.gnu-tools-for-stm32.9-2020-q2-update.win32_1.5.0.202011040924/tools/bin/../lib/gcc/arm-none-eabi/9.3.1/../../../../arm-none-eabi/lib/thumb/v7e-m+fp/hard\libc_nano.a(lib_a-lock.o)
                0x000000000801ac28                __retarget_lock_acquire_recursive
 .text.__retarget_lock_release_recursive
                0x000000000801ac2a        0x2 c:/st/stm32cubeide_1.6.1/stm32cubeide/plugins/com.st.stm32cube.ide.mcu.externaltools.gnu-tools-for-stm32.9-2020-q2-update.win32_1.5.0.202011040924/tools/bin/../lib/gcc/arm-none-eabi/9.3.1/../../../../arm-none-eabi/lib/thumb/v7e-m+fp/hard\libc_nano.a(lib_a-lock.o)
                0x000000000801ac2a                __retarget_lock_release_recursive
 .text.__swhatbuf_r
                0x000000000801ac2c       0x48 c:/st/stm32cubeide_1.6.1/stm32cubeide/plugins/com.st.stm32cube.ide.mcu.externaltools.gnu-tools-for-stm32.9-2020-q2-update.win32_1.5.0.202011040924/tools/bin/../lib/gcc/arm-none-eabi/9.3.1/../../../../arm-none-eabi/lib/thumb/v7e-m+fp/hard\libc_nano.a(lib_a-makebuf.o)
                0x000000000801ac2c                __swhatbuf_r
 .text.__smakebuf_r
                0x000000000801ac74       0x80 c:/st/stm32cubeide_1.6.1/stm32cubeide/plugins/com.st.stm32cube.ide.mcu.externaltools.gnu-tools-for-stm32.9-2020-q2-update.win32_1.5.0.202011040924/tools/bin/../lib/gcc/arm-none-eabi/9.3.1/../../../../arm-none-eabi/lib/thumb/v7e-m+fp/hard\libc_nano.a(lib_a-makebuf.o)
                0x000000000801ac74                __smakebuf_r
 .text._free_r  0x000000000801acf4       0xa0 c:/st/stm32cubeide_1.6.1/stm32cubeide/plugins/com.st.stm32cube.ide.mcu.externaltools.gnu-tools-for-stm32.9-2020-q2-update.win32_1.5.0.202011040924/tools/bin/../lib/gcc/arm-none-eabi/9.3.1/../../../../arm-none-eabi/lib/thumb/v7e-m+fp/hard\libc_nano.a(lib_a-nano-freer.o)
                0x000000000801acf4                _free_r
 .text._malloc_r
                0x000000000801ad94       0xb4 c:/st/stm32cubeide_1.6.1/stm32cubeide/plugins/com.st.stm32cube.ide.mcu.externaltools.gnu-tools-for-stm32.9-2020-q2-update.win32_1.5.0.202011040924/tools/bin/../lib/gcc/arm-none-eabi/9.3.1/../../../../arm-none-eabi/lib/thumb/v7e-m+fp/hard\libc_nano.a(lib_a-nano-mallocr.o)
                0x000000000801ad94                _malloc_r
 .text._sbrk_r  0x000000000801ae48       0x20 c:/st/stm32cubeide_1.6.1/stm32cubeide/plugins/com.st.stm32cube.ide.mcu.externaltools.gnu-tools-for-stm32.9-2020-q2-update.win32_1.5.0.202011040924/tools/bin/../lib/gcc/arm-none-eabi/9.3.1/../../../../arm-none-eabi/lib/thumb/v7e-m+fp/hard\libc_nano.a(lib_a-sbrkr.o)
                0x000000000801ae48                _sbrk_r
 .text._raise_r
                0x000000000801ae68       0x50 c:/st/stm32cubeide_1.6.1/stm32cubeide/plugins/com.st.stm32cube.ide.mcu.externaltools.gnu-tools-for-stm32.9-2020-q2-update.win32_1.5.0.202011040924/tools/bin/../lib/gcc/arm-none-eabi/9.3.1/../../../../arm-none-eabi/lib/thumb/v7e-m+fp/hard\libc_nano.a(lib_a-signal.o)
                0x000000000801ae68                _raise_r
 .text.raise    0x000000000801aeb8       0x10 c:/st/stm32cubeide_1.6.1/stm32cubeide/plugins/com.st.stm32cube.ide.mcu.externaltools.gnu-tools-for-stm32.9-2020-q2-update.win32_1.5.0.202011040924/tools/bin/../lib/gcc/arm-none-eabi/9.3.1/../../../../arm-none-eabi/lib/thumb/v7e-m+fp/hard\libc_nano.a(lib_a-signal.o)
                0x000000000801aeb8                raise
 .text._kill_r  0x000000000801aec8       0x24 c:/st/stm32cubeide_1.6.1/stm32cubeide/plugins/com.st.stm32cube.ide.mcu.externaltools.gnu-tools-for-stm32.9-2020-q2-update.win32_1.5.0.202011040924/tools/bin/../lib/gcc/arm-none-eabi/9.3.1/../../../../arm-none-eabi/lib/thumb/v7e-m+fp/hard\libc_nano.a(lib_a-signalr.o)
                0x000000000801aec8                _kill_r
 .text._getpid_r
                0x000000000801aeec        0x4 c:/st/stm32cubeide_1.6.1/stm32cubeide/plugins/com.st.stm32cube.ide.mcu.externaltools.gnu-tools-for-stm32.9-2020-q2-update.win32_1.5.0.202011040924/tools/bin/../lib/gcc/arm-none-eabi/9.3.1/../../../../arm-none-eabi/lib/thumb/v7e-m+fp/hard\libc_nano.a(lib_a-signalr.o)
                0x000000000801aeec                _getpid_r
 .text.__sread  0x000000000801aef0       0x22 c:/st/stm32cubeide_1.6.1/stm32cubeide/plugins/com.st.stm32cube.ide.mcu.externaltools.gnu-tools-for-stm32.9-2020-q2-update.win32_1.5.0.202011040924/tools/bin/../lib/gcc/arm-none-eabi/9.3.1/../../../../arm-none-eabi/lib/thumb/v7e-m+fp/hard\libc_nano.a(lib_a-stdio.o)
                0x000000000801aef0                __sread
 .text.__swrite
                0x000000000801af12       0x38 c:/st/stm32cubeide_1.6.1/stm32cubeide/plugins/com.st.stm32cube.ide.mcu.externaltools.gnu-tools-for-stm32.9-2020-q2-update.win32_1.5.0.202011040924/tools/bin/../lib/gcc/arm-none-eabi/9.3.1/../../../../arm-none-eabi/lib/thumb/v7e-m+fp/hard\libc_nano.a(lib_a-stdio.o)
                0x000000000801af12                __swrite
 .text.__sseek  0x000000000801af4a       0x24 c:/st/stm32cubeide_1.6.1/stm32cubeide/plugins/com.st.stm32cube.ide.mcu.externaltools.gnu-tools-for-stm32.9-2020-q2-update.win32_1.5.0.202011040924/tools/bin/../lib/gcc/arm-none-eabi/9.3.1/../../../../arm-none-eabi/lib/thumb/v7e-m+fp/hard\libc_nano.a(lib_a-stdio.o)
                0x000000000801af4a                __sseek
 .text.__sclose
                0x000000000801af6e        0x8 c:/st/stm32cubeide_1.6.1/stm32cubeide/plugins/com.st.stm32cube.ide.mcu.externaltools.gnu-tools-for-stm32.9-2020-q2-update.win32_1.5.0.202011040924/tools/bin/../lib/gcc/arm-none-eabi/9.3.1/../../../../arm-none-eabi/lib/thumb/v7e-m+fp/hard\libc_nano.a(lib_a-stdio.o)
                0x000000000801af6e                __sclose
 *fill*         0x000000000801af76        0x2 
 .text._write_r
                0x000000000801af78       0x24 c:/st/stm32cubeide_1.6.1/stm32cubeide/plugins/com.st.stm32cube.ide.mcu.externaltools.gnu-tools-for-stm32.9-2020-q2-update.win32_1.5.0.202011040924/tools/bin/../lib/gcc/arm-none-eabi/9.3.1/../../../../arm-none-eabi/lib/thumb/v7e-m+fp/hard\libc_nano.a(lib_a-writer.o)
                0x000000000801af78                _write_r
 .text._close_r
                0x000000000801af9c       0x20 c:/st/stm32cubeide_1.6.1/stm32cubeide/plugins/com.st.stm32cube.ide.mcu.externaltools.gnu-tools-for-stm32.9-2020-q2-update.win32_1.5.0.202011040924/tools/bin/../lib/gcc/arm-none-eabi/9.3.1/../../../../arm-none-eabi/lib/thumb/v7e-m+fp/hard\libc_nano.a(lib_a-closer.o)
                0x000000000801af9c                _close_r
 .text._fstat_r
                0x000000000801afbc       0x24 c:/st/stm32cubeide_1.6.1/stm32cubeide/plugins/com.st.stm32cube.ide.mcu.externaltools.gnu-tools-for-stm32.9-2020-q2-update.win32_1.5.0.202011040924/tools/bin/../lib/gcc/arm-none-eabi/9.3.1/../../../../arm-none-eabi/lib/thumb/v7e-m+fp/hard\libc_nano.a(lib_a-fstatr.o)
                0x000000000801afbc                _fstat_r
 .text._isatty_r
                0x000000000801afe0       0x20 c:/st/stm32cubeide_1.6.1/stm32cubeide/plugins/com.st.stm32cube.ide.mcu.externaltools.gnu-tools-for-stm32.9-2020-q2-update.win32_1.5.0.202011040924/tools/bin/../lib/gcc/arm-none-eabi/9.3.1/../../../../arm-none-eabi/lib/thumb/v7e-m+fp/hard\libc_nano.a(lib_a-isattyr.o)
                0x000000000801afe0                _isatty_r
 .text._lseek_r
                0x000000000801b000       0x24 c:/st/stm32cubeide_1.6.1/stm32cubeide/plugins/com.st.stm32cube.ide.mcu.externaltools.gnu-tools-for-stm32.9-2020-q2-update.win32_1.5.0.202011040924/tools/bin/../lib/gcc/arm-none-eabi/9.3.1/../../../../arm-none-eabi/lib/thumb/v7e-m+fp/hard\libc_nano.a(lib_a-lseekr.o)
                0x000000000801b000                _lseek_r
 .text.__malloc_lock
                0x000000000801b024        0xc c:/st/stm32cubeide_1.6.1/stm32cubeide/plugins/com.st.stm32cube.ide.mcu.externaltools.gnu-tools-for-stm32.9-2020-q2-update.win32_1.5.0.202011040924/tools/bin/../lib/gcc/arm-none-eabi/9.3.1/../../../../arm-none-eabi/lib/thumb/v7e-m+fp/hard\libc_nano.a(lib_a-mlock.o)
                0x000000000801b024                __malloc_lock
 .text.__malloc_unlock
                0x000000000801b030        0xc c:/st/stm32cubeide_1.6.1/stm32cubeide/plugins/com.st.stm32cube.ide.mcu.externaltools.gnu-tools-for-stm32.9-2020-q2-update.win32_1.5.0.202011040924/tools/bin/../lib/gcc/arm-none-eabi/9.3.1/../../../../arm-none-eabi/lib/thumb/v7e-m+fp/hard\libc_nano.a(lib_a-mlock.o)
                0x000000000801b030                __malloc_unlock
 .text._read_r  0x000000000801b03c       0x24 c:/st/stm32cubeide_1.6.1/stm32cubeide/plugins/com.st.stm32cube.ide.mcu.externaltools.gnu-tools-for-stm32.9-2020-q2-update.win32_1.5.0.202011040924/tools/bin/../lib/gcc/arm-none-eabi/9.3.1/../../../../arm-none-eabi/lib/thumb/v7e-m+fp/hard\libc_nano.a(lib_a-readr.o)
                0x000000000801b03c                _read_r
 *(.glue_7)
 .glue_7        0x000000000801b060        0x0 linker stubs
 *(.glue_7t)
 .glue_7t       0x000000000801b060        0x0 linker stubs
 *(.eh_frame)
 .eh_frame      0x000000000801b060        0x0 c:/st/stm32cubeide_1.6.1/stm32cubeide/plugins/com.st.stm32cube.ide.mcu.externaltools.gnu-tools-for-stm32.9-2020-q2-update.win32_1.5.0.202011040924/tools/bin/../lib/gcc/arm-none-eabi/9.3.1/thumb/v7e-m+fp/hard/crtbegin.o
 *(.init)
 .init          0x000000000801b060        0x4 c:/st/stm32cubeide_1.6.1/stm32cubeide/plugins/com.st.stm32cube.ide.mcu.externaltools.gnu-tools-for-stm32.9-2020-q2-update.win32_1.5.0.202011040924/tools/bin/../lib/gcc/arm-none-eabi/9.3.1/thumb/v7e-m+fp/hard/crti.o
                0x000000000801b060                _init
 .init          0x000000000801b064        0x8 c:/st/stm32cubeide_1.6.1/stm32cubeide/plugins/com.st.stm32cube.ide.mcu.externaltools.gnu-tools-for-stm32.9-2020-q2-update.win32_1.5.0.202011040924/tools/bin/../lib/gcc/arm-none-eabi/9.3.1/thumb/v7e-m+fp/hard/crtn.o
 *(.fini)
 .fini          0x000000000801b06c        0x4 c:/st/stm32cubeide_1.6.1/stm32cubeide/plugins/com.st.stm32cube.ide.mcu.externaltools.gnu-tools-for-stm32.9-2020-q2-update.win32_1.5.0.202011040924/tools/bin/../lib/gcc/arm-none-eabi/9.3.1/thumb/v7e-m+fp/hard/crti.o
                0x000000000801b06c                _fini
 .fini          0x000000000801b070        0x8 c:/st/stm32cubeide_1.6.1/stm32cubeide/plugins/com.st.stm32cube.ide.mcu.externaltools.gnu-tools-for-stm32.9-2020-q2-update.win32_1.5.0.202011040924/tools/bin/../lib/gcc/arm-none-eabi/9.3.1/thumb/v7e-m+fp/hard/crtn.o
                0x000000000801b078                . = ALIGN (0x4)
                0x000000000801b078                _etext = .

.vfp11_veneer   0x000000000801b078        0x0
 .vfp11_veneer  0x000000000801b078        0x0 linker stubs

.v4_bx          0x000000000801b078        0x0
 .v4_bx         0x000000000801b078        0x0 linker stubs

.iplt           0x000000000801b078        0x0
 .iplt          0x000000000801b078        0x0 c:/st/stm32cubeide_1.6.1/stm32cubeide/plugins/com.st.stm32cube.ide.mcu.externaltools.gnu-tools-for-stm32.9-2020-q2-update.win32_1.5.0.202011040924/tools/bin/../lib/gcc/arm-none-eabi/9.3.1/thumb/v7e-m+fp/hard/crtbegin.o

.rodata         0x000000000801b078      0x338
                0x000000000801b078                . = ALIGN (0x4)
 *(.rodata)
 .rodata        0x000000000801b078       0x21 Core/Src/freertos.o
 *fill*         0x000000000801b099        0x3 
 .rodata        0x000000000801b09c        0x5 Middlewares/Third_Party/FreeRTOS/Source/tasks.o
 *fill*         0x000000000801b0a1        0x3 
 .rodata        0x000000000801b0a4        0xd Middlewares/Third_Party/FreeRTOS/Source/timers.o
 *fill*         0x000000000801b0b1        0x3 
 .rodata        0x000000000801b0b4       0x13 audio_clips/audio_clip.o
 *fill*         0x000000000801b0c7        0x1 
 .rodata        0x000000000801b0c8       0xb4 audio_clips/libfoxenflac/foxen/flac.o
 *(.rodata*)
 .rodata.defaultTask_attributes
                0x000000000801b17c       0x24 Core/Src/freertos.o
                0x000000000801b17c                defaultTask_attributes
 .rodata.AHBPrescTable
                0x000000000801b1a0       0x10 Core/Src/system_stm32f4xx.o
                0x000000000801b1a0                AHBPrescTable
 .rodata.APBPrescTable
                0x000000000801b1b0        0x8 Core/Src/system_stm32f4xx.o
                0x000000000801b1b0                APBPrescTable
 .rodata.flagBitshiftOffset.8558
                0x000000000801b1b8        0x8 Drivers/STM32F4xx_HAL_Driver/Src/stm32f4xx_hal_dma.o
 .rodata.fx_flac_block_sizes_
                0x000000000801b1c0       0x40 audio_clips/libfoxenflac/foxen/flac.o
 .rodata.fx_flac_sample_rates_
                0x000000000801b200       0x40 audio_clips/libfoxenflac/foxen/flac.o
 .rodata.fx_flac_sample_sizes_
                0x000000000801b240        0x8 audio_clips/libfoxenflac/foxen/flac.o
 .rodata._fx_flac_fixed_coeffs
                0x000000000801b248       0x50 audio_clips/libfoxenflac/foxen/flac.o
 .rodata.__func__.5627
                0x000000000801b298       0x17 audio_clips/libfoxenflac/foxen/flac.o
 *fill*         0x000000000801b2af        0x1 
 .rodata.__func__.5657
                0x000000000801b2b0       0x16 audio_clips/libfoxenflac/foxen/flac.o
 *fill*         0x000000000801b2c6        0x2 
 .rodata.__func__.5759
                0x000000000801b2c8       0x14 audio_clips/libfoxenflac/foxen/flac.o
 .rodata.__assert_func.str1.1
                0x000000000801b2dc       0x3c c:/st/stm32cubeide_1.6.1/stm32cubeide/plugins/com.st.stm32cube.ide.mcu.externaltools.gnu-tools-for-stm32.9-2020-q2-update.win32_1.5.0.202011040924/tools/bin/../lib/gcc/arm-none-eabi/9.3.1/../../../../arm-none-eabi/lib/thumb/v7e-m+fp/hard\libc_nano.a(lib_a-assert.o)
                                         0x3d (size before relaxing)
 .rodata._global_impure_ptr
                0x000000000801b318        0x4 c:/st/stm32cubeide_1.6.1/stm32cubeide/plugins/com.st.stm32cube.ide.mcu.externaltools.gnu-tools-for-stm32.9-2020-q2-update.win32_1.5.0.202011040924/tools/bin/../lib/gcc/arm-none-eabi/9.3.1/../../../../arm-none-eabi/lib/thumb/v7e-m+fp/hard\libc_nano.a(lib_a-impure.o)
                0x000000000801b318                _global_impure_ptr
 .rodata._vfprintf_r.str1.1
                0x000000000801b31c       0x11 c:/st/stm32cubeide_1.6.1/stm32cubeide/plugins/com.st.stm32cube.ide.mcu.externaltools.gnu-tools-for-stm32.9-2020-q2-update.win32_1.5.0.202011040924/tools/bin/../lib/gcc/arm-none-eabi/9.3.1/../../../../arm-none-eabi/lib/thumb/v7e-m+fp/hard\libc_nano.a(lib_a-nano-vfprintf.o)
 .rodata._printf_i.str1.1
                0x000000000801b32d       0x22 c:/st/stm32cubeide_1.6.1/stm32cubeide/plugins/com.st.stm32cube.ide.mcu.externaltools.gnu-tools-for-stm32.9-2020-q2-update.win32_1.5.0.202011040924/tools/bin/../lib/gcc/arm-none-eabi/9.3.1/../../../../arm-none-eabi/lib/thumb/v7e-m+fp/hard\libc_nano.a(lib_a-nano-vfprintf_i.o)
 *fill*         0x000000000801b34f        0x1 
 .rodata.__sf_fake_stderr
                0x000000000801b350       0x20 c:/st/stm32cubeide_1.6.1/stm32cubeide/plugins/com.st.stm32cube.ide.mcu.externaltools.gnu-tools-for-stm32.9-2020-q2-update.win32_1.5.0.202011040924/tools/bin/../lib/gcc/arm-none-eabi/9.3.1/../../../../arm-none-eabi/lib/thumb/v7e-m+fp/hard\libc_nano.a(lib_a-findfp.o)
                0x000000000801b350                __sf_fake_stderr
 .rodata.__sf_fake_stdin
                0x000000000801b370       0x20 c:/st/stm32cubeide_1.6.1/stm32cubeide/plugins/com.st.stm32cube.ide.mcu.externaltools.gnu-tools-for-stm32.9-2020-q2-update.win32_1.5.0.202011040924/tools/bin/../lib/gcc/arm-none-eabi/9.3.1/../../../../arm-none-eabi/lib/thumb/v7e-m+fp/hard\libc_nano.a(lib_a-findfp.o)
                0x000000000801b370                __sf_fake_stdin
 .rodata.__sf_fake_stdout
                0x000000000801b390       0x20 c:/st/stm32cubeide_1.6.1/stm32cubeide/plugins/com.st.stm32cube.ide.mcu.externaltools.gnu-tools-for-stm32.9-2020-q2-update.win32_1.5.0.202011040924/tools/bin/../lib/gcc/arm-none-eabi/9.3.1/../../../../arm-none-eabi/lib/thumb/v7e-m+fp/hard\libc_nano.a(lib_a-findfp.o)
                0x000000000801b390                __sf_fake_stdout
                0x000000000801b3b0                . = ALIGN (0x4)

.ARM.extab      0x000000000801b3b0        0x0
                0x000000000801b3b0                . = ALIGN (0x4)
 *(.ARM.extab* .gnu.linkonce.armextab.*)
                0x000000000801b3b0                . = ALIGN (0x4)

.ARM            0x000000000801b3b0        0x8
                0x000000000801b3b0                . = ALIGN (0x4)
                0x000000000801b3b0                __exidx_start = .
 *(.ARM.exidx*)
 .ARM.exidx     0x000000000801b3b0        0x8 c:/st/stm32cubeide_1.6.1/stm32cubeide/plugins/com.st.stm32cube.ide.mcu.externaltools.gnu-tools-for-stm32.9-2020-q2-update.win32_1.5.0.202011040924/tools/bin/../lib/gcc/arm-none-eabi/9.3.1/thumb/v7e-m+fp/hard\libgcc.a(_udivmoddi4.o)
                0x000000000801b3b8                __exidx_end = .
                0x000000000801b3b8                . = ALIGN (0x4)

.rel.dyn        0x000000000801b3b8        0x0
 .rel.iplt      0x000000000801b3b8        0x0 c:/st/stm32cubeide_1.6.1/stm32cubeide/plugins/com.st.stm32cube.ide.mcu.externaltools.gnu-tools-for-stm32.9-2020-q2-update.win32_1.5.0.202011040924/tools/bin/../lib/gcc/arm-none-eabi/9.3.1/thumb/v7e-m+fp/hard/crtbegin.o

.preinit_array  0x000000000801b3b8        0x0
                0x000000000801b3b8                . = ALIGN (0x4)
                0x000000000801b3b8                PROVIDE (__preinit_array_start = .)
 *(.preinit_array*)
                0x000000000801b3b8                PROVIDE (__preinit_array_end = .)
                0x000000000801b3b8                . = ALIGN (0x4)

.init_array     0x000000000801b3b8        0x4
                0x000000000801b3b8                . = ALIGN (0x4)
                0x000000000801b3b8                PROVIDE (__init_array_start = .)
 *(SORT_BY_NAME(.init_array.*))
 *(.init_array*)
 .init_array    0x000000000801b3b8        0x4 c:/st/stm32cubeide_1.6.1/stm32cubeide/plugins/com.st.stm32cube.ide.mcu.externaltools.gnu-tools-for-stm32.9-2020-q2-update.win32_1.5.0.202011040924/tools/bin/../lib/gcc/arm-none-eabi/9.3.1/thumb/v7e-m+fp/hard/crtbegin.o
                0x000000000801b3bc                PROVIDE (__init_array_end = .)
                0x000000000801b3bc                . = ALIGN (0x4)

.fini_array     0x000000000801b3bc        0x4
                0x000000000801b3bc                . = ALIGN (0x4)
                [!provide]                        PROVIDE (__fini_array_start = .)
 *(SORT_BY_NAME(.fini_array.*))
 *(.fini_array*)
 .fini_array    0x000000000801b3bc        0x4 c:/st/stm32cubeide_1.6.1/stm32cubeide/plugins/com.st.stm32cube.ide.mcu.externaltools.gnu-tools-for-stm32.9-2020-q2-update.win32_1.5.0.202011040924/tools/bin/../lib/gcc/arm-none-eabi/9.3.1/thumb/v7e-m+fp/hard/crtbegin.o
                [!provide]                        PROVIDE (__fini_array_end = .)
                0x000000000801b3c0                . = ALIGN (0x4)
                0x000000000801b3c0                _sidata = LOADADDR (.data)

.data           0x0000000020000000      0x108 load address 0x000000000801b3c0
                0x0000000020000000                . = ALIGN (0x4)
                0x0000000020000000                _sdata = .
 *(.data)
 *(.data*)
 .data.clips    0x0000000020000000       0x30 Core/Src/loop.o
                0x0000000020000000                clips
 .data.SystemCoreClock
                0x0000000020000030        0x4 Core/Src/system_stm32f4xx.o
                0x0000000020000030                SystemCoreClock
 .data.uwTickPrio
                0x0000000020000034        0x4 Drivers/STM32F4xx_HAL_Driver/Src/stm32f4xx_hal.o
                0x0000000020000034                uwTickPrio
 .data.uwTickFreq
                0x0000000020000038        0x1 Drivers/STM32F4xx_HAL_Driver/Src/stm32f4xx_hal.o
                0x0000000020000038                uwTickFreq
 *fill*         0x0000000020000039        0x3 
 .data.uxCriticalNesting
                0x000000002000003c        0x4 Middlewares/Third_Party/FreeRTOS/Source/portable/GCC/ARM_CM4F/port.o
 .data.q_timeout.10833
                0x0000000020000040        0x4 audio_clips/audio_clip.o
 .data.clip_h   0x0000000020000044       0x1c audio_clips/clip_handler/clip_handler.o
                0x0000000020000044                clip_h
 .data.ring     0x0000000020000060       0x10 audio_clips/dac_handler/dac_handler.o
                0x0000000020000060                ring
 .data.decoder  0x0000000020000070       0x1c audio_clips/decoder/decoder.o
                0x0000000020000070                decoder
 .data.dac      0x000000002000008c       0x18 audio_clips/decoder/decoder.o
                0x000000002000008c                dac
 .data._impure_ptr
                0x00000000200000a4        0x4 c:/st/stm32cubeide_1.6.1/stm32cubeide/plugins/com.st.stm32cube.ide.mcu.externaltools.gnu-tools-for-stm32.9-2020-q2-update.win32_1.5.0.202011040924/tools/bin/../lib/gcc/arm-none-eabi/9.3.1/../../../../arm-none-eabi/lib/thumb/v7e-m+fp/hard\libc_nano.a(lib_a-impure.o)
                0x00000000200000a4                _impure_ptr
 .data.impure_data
                0x00000000200000a8       0x60 c:/st/stm32cubeide_1.6.1/stm32cubeide/plugins/com.st.stm32cube.ide.mcu.externaltools.gnu-tools-for-stm32.9-2020-q2-update.win32_1.5.0.202011040924/tools/bin/../lib/gcc/arm-none-eabi/9.3.1/../../../../arm-none-eabi/lib/thumb/v7e-m+fp/hard\libc_nano.a(lib_a-impure.o)
                0x0000000020000108                . = ALIGN (0x4)
                0x0000000020000108                _edata = .

.igot.plt       0x0000000020000108        0x0 load address 0x000000000801b4c8
 .igot.plt      0x0000000020000108        0x0 c:/st/stm32cubeide_1.6.1/stm32cubeide/plugins/com.st.stm32cube.ide.mcu.externaltools.gnu-tools-for-stm32.9-2020-q2-update.win32_1.5.0.202011040924/tools/bin/../lib/gcc/arm-none-eabi/9.3.1/thumb/v7e-m+fp/hard/crtbegin.o
                0x0000000020000108                . = ALIGN (0x4)

.bss            0x0000000020000108    0x102ec load address 0x000000000801b4c8
                0x0000000020000108                _sbss = .
                0x0000000020000108                __bss_start__ = _sbss
 *(.bss)
 .bss           0x0000000020000108       0x1c c:/st/stm32cubeide_1.6.1/stm32cubeide/plugins/com.st.stm32cube.ide.mcu.externaltools.gnu-tools-for-stm32.9-2020-q2-update.win32_1.5.0.202011040924/tools/bin/../lib/gcc/arm-none-eabi/9.3.1/thumb/v7e-m+fp/hard/crtbegin.o
 *(.bss*)
 .bss.heap_end.6585
                0x0000000020000124        0x4 Core/Src/sysmem.o
 .bss.KernelState
                0x0000000020000128        0x4 Middlewares/Third_Party/FreeRTOS/Source/CMSIS_RTOS_V2/cmsis_os2.o
 .bss.Idle_TCB.10327
                0x000000002000012c       0x5c Middlewares/Third_Party/FreeRTOS/Source/CMSIS_RTOS_V2/cmsis_os2.o
 .bss.Idle_Stack.10328
                0x0000000020000188      0x200 Middlewares/Third_Party/FreeRTOS/Source/CMSIS_RTOS_V2/cmsis_os2.o
 .bss.Timer_TCB.10334
                0x0000000020000388       0x5c Middlewares/Third_Party/FreeRTOS/Source/CMSIS_RTOS_V2/cmsis_os2.o
 .bss.Timer_Stack.10335
                0x00000000200003e4      0x400 Middlewares/Third_Party/FreeRTOS/Source/CMSIS_RTOS_V2/cmsis_os2.o
 .bss.pxCurrentTCB
                0x00000000200007e4        0x4 Middlewares/Third_Party/FreeRTOS/Source/tasks.o
                0x00000000200007e4                pxCurrentTCB
 .bss.pxReadyTasksLists
                0x00000000200007e8      0x460 Middlewares/Third_Party/FreeRTOS/Source/tasks.o
 .bss.xDelayedTaskList1
                0x0000000020000c48       0x14 Middlewares/Third_Party/FreeRTOS/Source/tasks.o
 .bss.xDelayedTaskList2
                0x0000000020000c5c       0x14 Middlewares/Third_Party/FreeRTOS/Source/tasks.o
 .bss.pxDelayedTaskList
                0x0000000020000c70        0x4 Middlewares/Third_Party/FreeRTOS/Source/tasks.o
 .bss.pxOverflowDelayedTaskList
                0x0000000020000c74        0x4 Middlewares/Third_Party/FreeRTOS/Source/tasks.o
 .bss.xPendingReadyList
                0x0000000020000c78       0x14 Middlewares/Third_Party/FreeRTOS/Source/tasks.o
 .bss.xTasksWaitingTermination
                0x0000000020000c8c       0x14 Middlewares/Third_Party/FreeRTOS/Source/tasks.o
 .bss.uxDeletedTasksWaitingCleanUp
                0x0000000020000ca0        0x4 Middlewares/Third_Party/FreeRTOS/Source/tasks.o
 .bss.xSuspendedTaskList
                0x0000000020000ca4       0x14 Middlewares/Third_Party/FreeRTOS/Source/tasks.o
 .bss.uxCurrentNumberOfTasks
                0x0000000020000cb8        0x4 Middlewares/Third_Party/FreeRTOS/Source/tasks.o
 .bss.xTickCount
                0x0000000020000cbc        0x4 Middlewares/Third_Party/FreeRTOS/Source/tasks.o
 .bss.uxTopReadyPriority
                0x0000000020000cc0        0x4 Middlewares/Third_Party/FreeRTOS/Source/tasks.o
 .bss.xSchedulerRunning
                0x0000000020000cc4        0x4 Middlewares/Third_Party/FreeRTOS/Source/tasks.o
 .bss.xPendedTicks
                0x0000000020000cc8        0x4 Middlewares/Third_Party/FreeRTOS/Source/tasks.o
 .bss.xYieldPending
                0x0000000020000ccc        0x4 Middlewares/Third_Party/FreeRTOS/Source/tasks.o
 .bss.xNumOfOverflows
                0x0000000020000cd0        0x4 Middlewares/Third_Party/FreeRTOS/Source/tasks.o
 .bss.uxTaskNumber
                0x0000000020000cd4        0x4 Middlewares/Third_Party/FreeRTOS/Source/tasks.o
 .bss.xNextTaskUnblockTime
                0x0000000020000cd8        0x4 Middlewares/Third_Party/FreeRTOS/Source/tasks.o
 .bss.xIdleTaskHandle
                0x0000000020000cdc        0x4 Middlewares/Third_Party/FreeRTOS/Source/tasks.o
 .bss.uxSchedulerSuspended
                0x0000000020000ce0        0x4 Middlewares/Third_Party/FreeRTOS/Source/tasks.o
 .bss.xActiveTimerList1
                0x0000000020000ce4       0x14 Middlewares/Third_Party/FreeRTOS/Source/timers.o
 .bss.xActiveTimerList2